
Optional file libmchp_peripheral.a not found

Optional file libmchp_peripheral_32MX270F256B.a not found
Archive member included because of file (symbol)

c:/program files (x86)/microchip/xc32/v1.43/bin/bin/../../lib/gcc/pic32mx/4.8.3\libgcc.a(floatunsisf.o)
                              build/PIC32MX270_RevA/production/_ext/1360937237/capture.o (__floatunsisf)
c:/program files (x86)/microchip/xc32/v1.43/bin/bin/../../lib/gcc/pic32mx/4.8.3\libgcc.a(floatunsidf.o)
                              build/PIC32MX270_RevA/production/_ext/1360937237/calculate.o (__floatunsidf)
c:/program files (x86)/microchip/xc32/v1.43/bin/bin/../../lib/gcc/pic32mx/4.8.3/../../../../pic32mx/lib\libpic32.a(memcpy.o)
                              build/PIC32MX270_RevA/production/_ext/610166344/usb_device.o (memcpy)
c:/program files (x86)/microchip/xc32/v1.43/bin/bin/../../lib/gcc/pic32mx/4.8.3/../../../../pic32mx/lib\libpic32.a(default-bootstrap-exception-handler.o)
                              c:/program files (x86)/microchip/xc32/v1.43/bin/bin/../../lib/gcc/pic32mx/4.8.3/../../../../pic32mx/lib/./proc/32MX270F256B/crt0_mips32r2.o (_bootstrap_exception_handler)
c:/program files (x86)/microchip/xc32/v1.43/bin/bin/../../lib/gcc/pic32mx/4.8.3/../../../../pic32mx/lib\libpic32.a(default-on-reset.o)
                              c:/program files (x86)/microchip/xc32/v1.43/bin/bin/../../lib/gcc/pic32mx/4.8.3/../../../../pic32mx/lib/./proc/32MX270F256B/crt0_mips32r2.o (_on_reset)
c:/program files (x86)/microchip/xc32/v1.43/bin/bin/../../lib/gcc/pic32mx/4.8.3/../../../../pic32mx/lib\libpic32.a(default-on-bootstrap.o)
                              c:/program files (x86)/microchip/xc32/v1.43/bin/bin/../../lib/gcc/pic32mx/4.8.3/../../../../pic32mx/lib/./proc/32MX270F256B/crt0_mips32r2.o (_on_bootstrap)
c:/program files (x86)/microchip/xc32/v1.43/bin/bin/../../lib/gcc/pic32mx/4.8.3/../../../../pic32mx/lib\libpic32.a(default-nmi-handler.o)
                              c:/program files (x86)/microchip/xc32/v1.43/bin/bin/../../lib/gcc/pic32mx/4.8.3/../../../../pic32mx/lib/./proc/32MX270F256B/crt0_mips32r2.o (_nmi_handler)
c:/program files (x86)/microchip/xc32/v1.43/bin/bin/../../lib/gcc/pic32mx/4.8.3/../../../../pic32mx/lib\libpic32.a(general-exception.o)
                              c:/program files (x86)/microchip/xc32/v1.43/bin/bin/../../lib/gcc/pic32mx/4.8.3/../../../../pic32mx/lib/./proc/32MX270F256B/crt0_mips32r2.o (_general_exception_context)
c:/program files (x86)/microchip/xc32/v1.43/bin/bin/../../lib/gcc/pic32mx/4.8.3/../../../../pic32mx/lib\libpic32.a(vector0.o)
                              c:/program files (x86)/microchip/xc32/v1.43/bin/bin/../../lib/gcc/pic32mx/4.8.3/../../../../pic32mx/lib/./proc/32MX270F256B\default_isr_vectors.o (__vector_dispatch_0)
c:/program files (x86)/microchip/xc32/v1.43/bin/bin/../../lib/gcc/pic32mx/4.8.3/../../../../pic32mx/lib\libpic32.a(vector1.o)
                              c:/program files (x86)/microchip/xc32/v1.43/bin/bin/../../lib/gcc/pic32mx/4.8.3/../../../../pic32mx/lib/./proc/32MX270F256B\default_isr_vectors.o (__vector_dispatch_1)
c:/program files (x86)/microchip/xc32/v1.43/bin/bin/../../lib/gcc/pic32mx/4.8.3/../../../../pic32mx/lib\libpic32.a(vector2.o)
                              c:/program files (x86)/microchip/xc32/v1.43/bin/bin/../../lib/gcc/pic32mx/4.8.3/../../../../pic32mx/lib/./proc/32MX270F256B\default_isr_vectors.o (__vector_dispatch_2)
c:/program files (x86)/microchip/xc32/v1.43/bin/bin/../../lib/gcc/pic32mx/4.8.3/../../../../pic32mx/lib\libpic32.a(vector3.o)
                              c:/program files (x86)/microchip/xc32/v1.43/bin/bin/../../lib/gcc/pic32mx/4.8.3/../../../../pic32mx/lib/./proc/32MX270F256B\default_isr_vectors.o (__vector_dispatch_3)
c:/program files (x86)/microchip/xc32/v1.43/bin/bin/../../lib/gcc/pic32mx/4.8.3/../../../../pic32mx/lib\libpic32.a(vector4.o)
                              c:/program files (x86)/microchip/xc32/v1.43/bin/bin/../../lib/gcc/pic32mx/4.8.3/../../../../pic32mx/lib/./proc/32MX270F256B\default_isr_vectors.o (__vector_dispatch_4)
c:/program files (x86)/microchip/xc32/v1.43/bin/bin/../../lib/gcc/pic32mx/4.8.3/../../../../pic32mx/lib\libpic32.a(vector5.o)
                              c:/program files (x86)/microchip/xc32/v1.43/bin/bin/../../lib/gcc/pic32mx/4.8.3/../../../../pic32mx/lib/./proc/32MX270F256B\default_isr_vectors.o (__vector_dispatch_5)
c:/program files (x86)/microchip/xc32/v1.43/bin/bin/../../lib/gcc/pic32mx/4.8.3/../../../../pic32mx/lib\libpic32.a(vector7.o)
                              c:/program files (x86)/microchip/xc32/v1.43/bin/bin/../../lib/gcc/pic32mx/4.8.3/../../../../pic32mx/lib/./proc/32MX270F256B\default_isr_vectors.o (__vector_dispatch_7)
c:/program files (x86)/microchip/xc32/v1.43/bin/bin/../../lib/gcc/pic32mx/4.8.3/../../../../pic32mx/lib\libpic32.a(vector8.o)
[...]
Memory Configuration

Name             Origin             Length             Attributes
kseg0_program_mem 0x9d000000         0x0003f000         xr
exception_mem    0x9d03f000         0x00001000
debug_exec_mem   0x9fc00490         0x00000760
kseg0_boot_mem   0x9fc00490         0x00000000
kseg1_boot_mem   0xbfc00000         0x00000490
config3          0xbfc00bf0         0x00000004
config2          0xbfc00bf4         0x00000004
config1          0xbfc00bf8         0x00000004
config0          0xbfc00bfc         0x00000004
kseg1_data_mem   0xa0000000         0x00010000         w !x
sfrs             0xbf800000         0x00100000
configsfrs       0xbfc00bf0         0x00000010
*default*        0x00000000         0xffffffff

Linker script and memory map

LOAD c:/program files (x86)/microchip/xc32/v1.43/bin/bin/../../lib/gcc/pic32mx/4.8.3/../../../../pic32mx/lib/./proc/32MX270F256B/crt0_mips32r2.o
LOAD c:/program files (x86)/microchip/xc32/v1.43/bin/bin/../../lib/gcc/pic32mx/4.8.3/../../../../pic32mx/lib\debug-exception-return.o
LOAD build/PIC32MX270_RevA/production/_ext/1074537854/app_i2c_internal.o
LOAD build/PIC32MX270_RevA/production/_ext/1074537854/app_i2c_external.o
LOAD build/PIC32MX270_RevA/production/_ext/1074524308/app_usb.o
LOAD build/PIC32MX270_RevA/production/_ext/1074524308/app_usb_tasks.o
LOAD build/PIC32MX270_RevA/production/_ext/1417703498/sys_clk_static.o
LOAD build/PIC32MX270_RevA/production/_ext/300354739/system_init.o
LOAD build/PIC32MX270_RevA/production/_ext/300354739/system_interrupt.o
LOAD build/PIC32MX270_RevA/production/_ext/300354739/system_tasks.o
LOAD build/PIC32MX270_RevA/production/_ext/1360937237/app.o
LOAD build/PIC32MX270_RevA/production/_ext/1360937237/main.o
LOAD build/PIC32MX270_RevA/production/_ext/1360937237/calculate.o
LOAD build/PIC32MX270_RevA/production/_ext/1360937237/capture.o
LOAD build/PIC32MX270_RevA/production/_ext/1213465256/drv_usbfs.o
LOAD build/PIC32MX270_RevA/production/_ext/1213465256/drv_usbfs_device.o
LOAD build/PIC32MX270_RevA/production/_ext/1271179505/sys_devcon.o
LOAD build/PIC32MX270_RevA/production/_ext/1271179505/sys_devcon_pic32mx.o
LOAD build/PIC32MX270_RevA/production/_ext/122796885/sys_int_pic32.o
LOAD build/PIC32MX270_RevA/production/_ext/610166344/usb_device.o
LOAD build/PIC32MX270_RevA/production/_ext/610166344/usb_device_hid.o
                0x00000001                __MPLAB_BUILD = 0x1
                0x00000000                _min_heap_size = 0x0
LOAD c:/program files (x86)/microchip/xc32/v1.43/bin/bin/../../lib/gcc/pic32mx/4.8.3/../../../../pic32mx/lib/./proc/32MX270F256B\default_isr_vectors.o
LOAD c:/program files (x86)/microchip/xc32/v1.43/bin/bin/../../lib/gcc/pic32mx/4.8.3/../../../../pic32mx/lib\pic32_software_reset.o
                0x00000400                PROVIDE (_min_stack_size, 0x400)
LOAD c:/program files (x86)/microchip/xc32/v1.43/bin/bin/../../lib/gcc/pic32mx/4.8.3/../../../../pic32mx/lib/./proc/32MX270F256B\processor.o
START GROUP
LOAD libmchp_peripheral.a
END GROUP
START GROUP
LOAD libmchp_peripheral_32MX270F256B.a
END GROUP
                0x00000001                PROVIDE (_vector_spacing, 0x1)
                0x9d03f000                PROVIDE (_ebase_address, 0x9d03f000)
                0xbfc00000                _RESET_ADDR = 0xbfc00000
                0xbfc00380                _BEV_EXCPT_ADDR = 0xbfc00380
                0xbfc00480                _DBG_EXCPT_ADDR = 0xbfc00480
                0x9fc00490                _DBG_CODE_ADDR = 0x9fc00490
                0x00000760                _DBG_CODE_SIZE = 0x760
                0x9d03f180                _GEN_EXCPT_ADDR = (_ebase_address + 0x180)

.config_BFC00BF0
                0xbfc00bf0        0x4
 *(.config_BFC00BF0)
 .config_BFC00BF0
                0xbfc00bf0        0x4 build/PIC32MX270_RevA/production/_ext/300354739/system_init.o

.config_BFC00BF4
                0xbfc00bf4        0x4
 *(.config_BFC00BF4)
 .config_BFC00BF4
                0xbfc00bf4        0x4 build/PIC32MX270_RevA/production/_ext/300354739/system_init.o

.config_BFC00BF8
                0xbfc00bf8        0x4
 *(.config_BFC00BF8)
 .config_BFC00BF8
                0xbfc00bf8        0x4 build/PIC32MX270_RevA/production/_ext/300354739/system_init.o

.config_BFC00BFC
                0xbfc00bfc        0x4
 *(.config_BFC00BFC)
 .config_BFC00BFC
                0xbfc00bfc        0x4 build/PIC32MX270_RevA/production/_ext/300354739/system_init.o
                0xbfc02000                PROVIDE (_DBG_CODE_ADDR, 0xbfc02000)
                0x00000ff0                PROVIDE (_DBG_CODE_SIZE, 0xff0)

.reset          0xbfc00000      0x1e4
 *(.reset)
 .reset         0xbfc00000        0x8 c:/program files (x86)/microchip/xc32/v1.43/bin/bin/../../lib/gcc/pic32mx/4.8.3/../../../../pic32mx/lib/./proc/32MX270F256B/crt0_mips32r2.o
                0xbfc00000                _reset
 *(.reset.startup)
 .reset.startup
                0xbfc00008      0x1dc c:/program files (x86)/microchip/xc32/v1.43/bin/bin/../../lib/gcc/pic32mx/4.8.3/../../../../pic32mx/lib/./proc/32MX270F256B/crt0_mips32r2.o
                0xbfc00008                _startup

.bev_excpt      0xbfc00380       0x10
 *(.bev_handler)
 .bev_handler   0xbfc00380       0x10 c:/program files (x86)/microchip/xc32/v1.43/bin/bin/../../lib/gcc/pic32mx/4.8.3/../../../../pic32mx/lib/./proc/32MX270F256B/crt0_mips32r2.o

.dbg_excpt      0xbfc00480        0x0
                0xbfc00480                . = (. + DEFINED (_DEBUGGER)?0x8:0x0)

.dbg_code       0x9fc00490        0x0
                0x9fc00490                . = (. + DEFINED (_DEBUGGER)?_DBG_CODE_SIZE:0x0)

.app_excpt      0x9d03f180       0x10
 *(.gen_handler)
 .gen_handler   0x9d03f180       0x10 c:/program files (x86)/microchip/xc32/v1.43/bin/bin/../../lib/gcc/pic32mx/4.8.3/../../../../pic32mx/lib/./proc/32MX270F256B/crt0_mips32r2.o

.vector_0       0x9d03f200        0x8
 *(.vector_0)
 .vector_0      0x9d03f200        0x8 c:/program files (x86)/microchip/xc32/v1.43/bin/bin/../../lib/gcc/pic32mx/4.8.3/../../../../pic32mx/lib\libpic32.a(vector0.o)
                0x9d03f200                __vector_dispatch_0
                0x00000001                ASSERT (((_vector_spacing == 0x0) || (SIZEOF (.vector_0) <= (_vector_spacing << 0x5))), function at exception vector 0 too large)

.vector_1       0x9d03f220        0x8
 *(.vector_1)
 .vector_1      0x9d03f220        0x8 c:/program files (x86)/microchip/xc32/v1.43/bin/bin/../../lib/gcc/pic32mx/4.8.3/../../../../pic32mx/lib\libpic32.a(vector1.o)
                0x9d03f220                __vector_dispatch_1
                0x00000001                ASSERT (((_vector_spacing == 0x0) || (SIZEOF (.vector_1) <= (_vector_spacing << 0x5))), function at exception vector 1 too large)

.vector_2       0x9d03f240        0x8
 *(.vector_2)
 .vector_2      0x9d03f240        0x8 c:/program files (x86)/microchip/xc32/v1.43/bin/bin/../../lib/gcc/pic32mx/4.8.3/../../../../pic32mx/lib\libpic32.a(vector2.o)
                0x9d03f240                __vector_dispatch_2
                0x00000001                ASSERT (((_vector_spacing == 0x0) || (SIZEOF (.vector_2) <= (_vector_spacing << 0x5))), function at exception vector 2 too large)

.vector_3       0x9d03f260        0x8
 *(.vector_3)
 .vector_3      0x9d03f260        0x8 c:/program files (x86)/microchip/xc32/v1.43/bin/bin/../../lib/gcc/pic32mx/4.8.3/../../../../pic32mx/lib\libpic32.a(vector3.o)
                0x9d03f260                __vector_dispatch_3
                0x00000001                ASSERT (((_vector_spacing == 0x0) || (SIZEOF (.vector_3) <= (_vector_spacing << 0x5))), function at exception vector 3 too large)

.vector_4       0x9d03f280        0x8
 *(.vector_4)
 .vector_4      0x9d03f280        0x8 c:/program files (x86)/microchip/xc32/v1.43/bin/bin/../../lib/gcc/pic32mx/4.8.3/../../../../pic32mx/lib\libpic32.a(vector4.o)
                0x9d03f280                __vector_dispatch_4
                0x00000001                ASSERT (((_vector_spacing == 0x0) || (SIZEOF (.vector_4) <= (_vector_spacing << 0x5))), function at exception vector 4 too large)

.vector_5       0x9d03f2a0        0x8
 *(.vector_5)
 .vector_5      0x9d03f2a0        0x8 c:/program files (x86)/microchip/xc32/v1.43/bin/bin/../../lib/gcc/pic32mx/4.8.3/../../../../pic32mx/lib\libpic32.a(vector5.o)
                0x9d03f2a0                __vector_dispatch_5
                0x00000001                ASSERT (((_vector_spacing == 0x0) || (SIZEOF (.vector_5) <= (_vector_spacing << 0x5))), function at exception vector 5 too large)

.vector_6       0x9d03f2c0        0x8
 *(.vector_6)
 .vector_6      0x9d03f2c0        0x8 build/PIC32MX270_RevA/production/_ext/300354739/system_interrupt.o
                0x9d03f2c0                __vector_dispatch_6
                0x00000001                ASSERT (((_vector_spacing == 0x0) || (SIZEOF (.vector_6) <= (_vector_spacing << 0x5))), function at exception vector 6 too large)

.vector_7       0x9d03f2e0        0x8
 *(.vector_7)
 .vector_7      0x9d03f2e0        0x8 c:/program files (x86)/microchip/xc32/v1.43/bin/bin/../../lib/gcc/pic32mx/4.8.3/../../../../pic32mx/lib\libpic32.a(vector7.o)
                0x9d03f2e0                __vector_dispatch_7
                0x00000001                ASSERT (((_vector_spacing == 0x0) || (SIZEOF (.vector_7) <= (_vector_spacing << 0x5))), function at exception vector 7 too large)

.vector_8       0x9d03f300        0x8
 *(.vector_8)
 .vector_8      0x9d03f300        0x8 c:/program files (x86)/microchip/xc32/v1.43/bin/bin/../../lib/gcc/pic32mx/4.8.3/../../../../pic32mx/lib\libpic32.a(vector8.o)
                0x9d03f300                __vector_dispatch_8
                0x00000001                ASSERT (((_vector_spacing == 0x0) || (SIZEOF (.vector_8) <= (_vector_spacing << 0x5))), function at exception vector 8 too large)

.vector_9       0x9d03f320        0x8
 *(.vector_9)
 .vector_9      0x9d03f320        0x8 c:/program files (x86)/microchip/xc32/v1.43/bin/bin/../../lib/gcc/pic32mx/4.8.3/../../../../pic32mx/lib\libpic32.a(vector9.o)
                0x9d03f320                __vector_dispatch_9
                0x00000001                ASSERT (((_vector_spacing == 0x0) || (SIZEOF (.vector_9) <= (_vector_spacing << 0x5))), function at exception vector 9 too large)

.vector_10      0x9d03f340        0x8
 *(.vector_10)
 .vector_10     0x9d03f340        0x8 build/PIC32MX270_RevA/production/_ext/300354739/system_interrupt.o
                0x9d03f340                __vector_dispatch_10
                0x00000001                ASSERT (((_vector_spacing == 0x0) || (SIZEOF (.vector_10) <= (_vector_spacing << 0x5))), function at exception vector 10 too large)

.vector_11      0x9d03f360        0x8
 *(.vector_11)
 .vector_11     0x9d03f360        0x8 c:/program files (x86)/microchip/xc32/v1.43/bin/bin/../../lib/gcc/pic32mx/4.8.3/../../../../pic32mx/lib\libpic32.a(vector11.o)
                0x9d03f360                __vector_dispatch_11
                0x00000001                ASSERT (((_vector_spacing == 0x0) || (SIZEOF (.vector_11) <= (_vector_spacing << 0x5))), function at exception vector 11 too large)

.vector_12      0x9d03f380        0x8
 *(.vector_12)
 .vector_12     0x9d03f380        0x8 c:/program files (x86)/microchip/xc32/v1.43/bin/bin/../../lib/gcc/pic32mx/4.8.3/../../../../pic32mx/lib\libpic32.a(vector12.o)
                0x9d03f380                __vector_dispatch_12
                0x00000001                ASSERT (((_vector_spacing == 0x0) || (SIZEOF (.vector_12) <= (_vector_spacing << 0x5))), function at exception vector 12 too large)

.vector_13      0x9d03f3a0        0x8
 *(.vector_13)
 .vector_13     0x9d03f3a0        0x8 c:/program files (x86)/microchip/xc32/v1.43/bin/bin/../../lib/gcc/pic32mx/4.8.3/../../../../pic32mx/lib\libpic32.a(vector13.o)
                0x9d03f3a0                __vector_dispatch_13
                0x00000001                ASSERT (((_vector_spacing == 0x0) || (SIZEOF (.vector_13) <= (_vector_spacing << 0x5))), function at exception vector 13 too large)

.vector_14      0x9d03f3c0        0x8
 *(.vector_14)
 .vector_14     0x9d03f3c0        0x8 c:/program files (x86)/microchip/xc32/v1.43/bin/bin/../../lib/gcc/pic32mx/4.8.3/../../../../pic32mx/lib\libpic32.a(vector14.o)
                0x9d03f3c0                __vector_dispatch_14
                0x00000001                ASSERT (((_vector_spacing == 0x0) || (SIZEOF (.vector_14) <= (_vector_spacing << 0x5))), function at exception vector 14 too large)

.vector_15      0x9d03f3e0        0x8
 *(.vector_15)
 .vector_15     0x9d03f3e0        0x8 c:/program files (x86)/microchip/xc32/v1.43/bin/bin/../../lib/gcc/pic32mx/4.8.3/../../../../pic32mx/lib\libpic32.a(vector15.o)
                0x9d03f3e0                __vector_dispatch_15
                0x00000001                ASSERT (((_vector_spacing == 0x0) || (SIZEOF (.vector_15) <= (_vector_spacing << 0x5))), function at exception vector 15 too large)

.vector_16      0x9d03f400        0x8
 *(.vector_16)
 .vector_16     0x9d03f400        0x8 c:/program files (x86)/microchip/xc32/v1.43/bin/bin/../../lib/gcc/pic32mx/4.8.3/../../../../pic32mx/lib\libpic32.a(vector16.o)
                0x9d03f400                __vector_dispatch_16
                0x00000001                ASSERT (((_vector_spacing == 0x0) || (SIZEOF (.vector_16) <= (_vector_spacing << 0x5))), function at exception vector 16 too large)

.vector_17      0x9d03f420        0x8
 *(.vector_17)
 .vector_17     0x9d03f420        0x8 build/PIC32MX270_RevA/production/_ext/300354739/system_interrupt.o
                0x9d03f420                __vector_dispatch_17
                0x00000001                ASSERT (((_vector_spacing == 0x0) || (SIZEOF (.vector_17) <= (_vector_spacing << 0x5))), function at exception vector 17 too large)

.vector_18      0x9d03f440        0x8
 *(.vector_18)
 .vector_18     0x9d03f440        0x8 c:/program files (x86)/microchip/xc32/v1.43/bin/bin/../../lib/gcc/pic32mx/4.8.3/../../../../pic32mx/lib\libpic32.a(vector18.o)
                0x9d03f440                __vector_dispatch_18
                0x00000001                ASSERT (((_vector_spacing == 0x0) || (SIZEOF (.vector_18) <= (_vector_spacing << 0x5))), function at exception vector 18 too large)

.vector_19      0x9d03f460        0x8
 *(.vector_19)
 .vector_19     0x9d03f460        0x8 c:/program files (x86)/microchip/xc32/v1.43/bin/bin/../../lib/gcc/pic32mx/4.8.3/../../../../pic32mx/lib\libpic32.a(vector19.o)
                0x9d03f460                __vector_dispatch_19
                0x00000001                ASSERT (((_vector_spacing == 0x0) || (SIZEOF (.vector_19) <= (_vector_spacing << 0x5))), function at exception vector 19 too large)

.vector_20      0x9d03f480        0x8
 *(.vector_20)
 .vector_20     0x9d03f480        0x8 c:/program files (x86)/microchip/xc32/v1.43/bin/bin/../../lib/gcc/pic32mx/4.8.3/../../../../pic32mx/lib\libpic32.a(vector20.o)
                0x9d03f480                __vector_dispatch_20
                0x00000001                ASSERT (((_vector_spacing == 0x0) || (SIZEOF (.vector_20) <= (_vector_spacing << 0x5))), function at exception vector 20 too large)

.vector_21      0x9d03f4a0        0x8
 *(.vector_21)
 .vector_21     0x9d03f4a0        0x8 c:/program files (x86)/microchip/xc32/v1.43/bin/bin/../../lib/gcc/pic32mx/4.8.3/../../../../pic32mx/lib\libpic32.a(vector21.o)
                0x9d03f4a0                __vector_dispatch_21
                0x00000001                ASSERT (((_vector_spacing == 0x0) || (SIZEOF (.vector_21) <= (_vector_spacing << 0x5))), function at exception vector 21 too large)

.vector_22      0x9d03f4c0        0x8
 *(.vector_22)
 .vector_22     0x9d03f4c0        0x8 c:/program files (x86)/microchip/xc32/v1.43/bin/bin/../../lib/gcc/pic32mx/4.8.3/../../../../pic32mx/lib\libpic32.a(vector22.o)
                0x9d03f4c0                __vector_dispatch_22
                0x00000001                ASSERT (((_vector_spacing == 0x0) || (SIZEOF (.vector_22) <= (_vector_spacing << 0x5))), function at exception vector 22 too large)

.vector_23      0x9d03f4e0        0x8
 *(.vector_23)
 .vector_23     0x9d03f4e0        0x8 c:/program files (x86)/microchip/xc32/v1.43/bin/bin/../../lib/gcc/pic32mx/4.8.3/../../../../pic32mx/lib\libpic32.a(vector23.o)
                0x9d03f4e0                __vector_dispatch_23
                0x00000001                ASSERT (((_vector_spacing == 0x0) || (SIZEOF (.vector_23) <= (_vector_spacing << 0x5))), function at exception vector 23 too large)

.vector_24      0x9d03f500        0x8
 *(.vector_24)
 .vector_24     0x9d03f500        0x8 c:/program files (x86)/microchip/xc32/v1.43/bin/bin/../../lib/gcc/pic32mx/4.8.3/../../../../pic32mx/lib\libpic32.a(vector24.o)
                0x9d03f500                __vector_dispatch_24
                0x00000001                ASSERT (((_vector_spacing == 0x0) || (SIZEOF (.vector_24) <= (_vector_spacing << 0x5))), function at exception vector 24 too large)

.vector_25      0x9d03f520        0x8
 *(.vector_25)
 .vector_25     0x9d03f520        0x8 c:/program files (x86)/microchip/xc32/v1.43/bin/bin/../../lib/gcc/pic32mx/4.8.3/../../../../pic32mx/lib\libpic32.a(vector25.o)
                0x9d03f520                __vector_dispatch_25
                0x00000001                ASSERT (((_vector_spacing == 0x0) || (SIZEOF (.vector_25) <= (_vector_spacing << 0x5))), function at exception vector 25 too large)

.vector_26      0x9d03f540        0x8
 *(.vector_26)
 .vector_26     0x9d03f540        0x8 c:/program files (x86)/microchip/xc32/v1.43/bin/bin/../../lib/gcc/pic32mx/4.8.3/../../../../pic32mx/lib\libpic32.a(vector26.o)
                0x9d03f540                __vector_dispatch_26
                0x00000001                ASSERT (((_vector_spacing == 0x0) || (SIZEOF (.vector_26) <= (_vector_spacing << 0x5))), function at exception vector 26 too large)

.vector_27      0x9d03f560        0x8
 *(.vector_27)
 .vector_27     0x9d03f560        0x8 c:/program files (x86)/microchip/xc32/v1.43/bin/bin/../../lib/gcc/pic32mx/4.8.3/../../../../pic32mx/lib\libpic32.a(vector27.o)
                0x9d03f560                __vector_dispatch_27
                0x00000001                ASSERT (((_vector_spacing == 0x0) || (SIZEOF (.vector_27) <= (_vector_spacing << 0x5))), function at exception vector 27 too large)

.vector_28      0x9d03f580        0x8
 *(.vector_28)
 .vector_28     0x9d03f580        0x8 c:/program files (x86)/microchip/xc32/v1.43/bin/bin/../../lib/gcc/pic32mx/4.8.3/../../../../pic32mx/lib\libpic32.a(vector28.o)
                0x9d03f580                __vector_dispatch_28
                0x00000001                ASSERT (((_vector_spacing == 0x0) || (SIZEOF (.vector_28) <= (_vector_spacing << 0x5))), function at exception vector 28 too large)

.vector_29      0x9d03f5a0        0x8
 *(.vector_29)
 .vector_29     0x9d03f5a0        0x8 c:/program files (x86)/microchip/xc32/v1.43/bin/bin/../../lib/gcc/pic32mx/4.8.3/../../../../pic32mx/lib\libpic32.a(vector29.o)
                0x9d03f5a0                __vector_dispatch_29
                0x00000001                ASSERT (((_vector_spacing == 0x0) || (SIZEOF (.vector_29) <= (_vector_spacing << 0x5))), function at exception vector 29 too large)

.vector_30      0x9d03f5c0        0x8
 *(.vector_30)
 .vector_30     0x9d03f5c0        0x8 build/PIC32MX270_RevA/production/_ext/300354739/system_interrupt.o
                0x9d03f5c0                __vector_dispatch_30
                0x00000001                ASSERT (((_vector_spacing == 0x0) || (SIZEOF (.vector_30) <= (_vector_spacing << 0x5))), function at exception vector 30 too large)

.vector_31      0x9d03f5e0        0x8
 *(.vector_31)
 .vector_31     0x9d03f5e0        0x8 c:/program files (x86)/microchip/xc32/v1.43/bin/bin/../../lib/gcc/pic32mx/4.8.3/../../../../pic32mx/lib\libpic32.a(vector31.o)
                0x9d03f5e0                __vector_dispatch_31
                0x00000001                ASSERT (((_vector_spacing == 0x0) || (SIZEOF (.vector_31) <= (_vector_spacing << 0x5))), function at exception vector 31 too large)

.vector_32      0x9d03f600        0x8
 *(.vector_32)
 .vector_32     0x9d03f600        0x8 c:/program files (x86)/microchip/xc32/v1.43/bin/bin/../../lib/gcc/pic32mx/4.8.3/../../../../pic32mx/lib\libpic32.a(vector32.o)
                0x9d03f600                __vector_dispatch_32
                0x00000001                ASSERT (((_vector_spacing == 0x0) || (SIZEOF (.vector_32) <= (_vector_spacing << 0x5))), function at exception vector 32 too large)

.vector_33      0x9d03f620        0x8
 *(.vector_33)
 .vector_33     0x9d03f620        0x8 build/PIC32MX270_RevA/production/_ext/300354739/system_interrupt.o
                0x9d03f620                __vector_dispatch_33
                0x00000001                ASSERT (((_vector_spacing == 0x0) || (SIZEOF (.vector_33) <= (_vector_spacing << 0x5))), function at exception vector 33 too large)

.vector_34      0x9d03f640        0x8
 *(.vector_34)
 .vector_34     0x9d03f640        0x8 c:/program files (x86)/microchip/xc32/v1.43/bin/bin/../../lib/gcc/pic32mx/4.8.3/../../../../pic32mx/lib\libpic32.a(vector34.o)
                0x9d03f640                __vector_dispatch_34
                0x00000001                ASSERT (((_vector_spacing == 0x0) || (SIZEOF (.vector_34) <= (_vector_spacing << 0x5))), function at exception vector 34 too large)

.vector_35      0x9d03f660        0x8
 *(.vector_35)
 .vector_35     0x9d03f660        0x8 c:/program files (x86)/microchip/xc32/v1.43/bin/bin/../../lib/gcc/pic32mx/4.8.3/../../../../pic32mx/lib\libpic32.a(vector35.o)
                0x9d03f660                __vector_dispatch_35
                0x00000001                ASSERT (((_vector_spacing == 0x0) || (SIZEOF (.vector_35) <= (_vector_spacing << 0x5))), function at exception vector 35 too large)

.vector_36      0x9d03f680        0x8
 *(.vector_36)
 .vector_36     0x9d03f680        0x8 c:/program files (x86)/microchip/xc32/v1.43/bin/bin/../../lib/gcc/pic32mx/4.8.3/../../../../pic32mx/lib\libpic32.a(vector36.o)
                0x9d03f680                __vector_dispatch_36
                0x00000001                ASSERT (((_vector_spacing == 0x0) || (SIZEOF (.vector_36) <= (_vector_spacing << 0x5))), function at exception vector 36 too large)

.vector_37      0x9d03f6a0        0x8
 *(.vector_37)
 .vector_37     0x9d03f6a0        0x8 c:/program files (x86)/microchip/xc32/v1.43/bin/bin/../../lib/gcc/pic32mx/4.8.3/../../../../pic32mx/lib\libpic32.a(vector37.o)
                0x9d03f6a0                __vector_dispatch_37
                0x00000001                ASSERT (((_vector_spacing == 0x0) || (SIZEOF (.vector_37) <= (_vector_spacing << 0x5))), function at exception vector 37 too large)

.vector_38      0x9d03f6c0        0x8
 *(.vector_38)
 .vector_38     0x9d03f6c0        0x8 build/PIC32MX270_RevA/production/_ext/300354739/system_interrupt.o
                0x9d03f6c0                __vector_dispatch_38
                0x00000001                ASSERT (((_vector_spacing == 0x0) || (SIZEOF (.vector_38) <= (_vector_spacing << 0x5))), function at exception vector 38 too large)

.vector_39      0x9d03f6e0        0x8
 *(.vector_39)
 .vector_39     0x9d03f6e0        0x8 c:/program files (x86)/microchip/xc32/v1.43/bin/bin/../../lib/gcc/pic32mx/4.8.3/../../../../pic32mx/lib\libpic32.a(vector39.o)
                0x9d03f6e0                __vector_dispatch_39
                0x00000001                ASSERT (((_vector_spacing == 0x0) || (SIZEOF (.vector_39) <= (_vector_spacing << 0x5))), function at exception vector 39 too large)

.vector_40      0x9d03f700        0x8
 *(.vector_40)
 .vector_40     0x9d03f700        0x8 c:/program files (x86)/microchip/xc32/v1.43/bin/bin/../../lib/gcc/pic32mx/4.8.3/../../../../pic32mx/lib\libpic32.a(vector40.o)
                0x9d03f700                __vector_dispatch_40
                0x00000001                ASSERT (((_vector_spacing == 0x0) || (SIZEOF (.vector_40) <= (_vector_spacing << 0x5))), function at exception vector 40 too large)

.vector_41      0x9d03f720        0x8
 *(.vector_41)
 .vector_41     0x9d03f720        0x8 c:/program files (x86)/microchip/xc32/v1.43/bin/bin/../../lib/gcc/pic32mx/4.8.3/../../../../pic32mx/lib\libpic32.a(vector41.o)
                0x9d03f720                __vector_dispatch_41
                0x00000001                ASSERT (((_vector_spacing == 0x0) || (SIZEOF (.vector_41) <= (_vector_spacing << 0x5))), function at exception vector 41 too large)

.vector_42      0x9d03f740        0x8
 *(.vector_42)
 .vector_42     0x9d03f740        0x8 c:/program files (x86)/microchip/xc32/v1.43/bin/bin/../../lib/gcc/pic32mx/4.8.3/../../../../pic32mx/lib\libpic32.a(vector42.o)
                0x9d03f740                __vector_dispatch_42
                0x00000001                ASSERT (((_vector_spacing == 0x0) || (SIZEOF (.vector_42) <= (_vector_spacing << 0x5))), function at exception vector 42 too large)

.vector_43      0x9d03f760        0x8
 *(.vector_43)
 .vector_43     0x9d03f760        0x8 c:/program files (x86)/microchip/xc32/v1.43/bin/bin/../../lib/gcc/pic32mx/4.8.3/../../../../pic32mx/lib\libpic32.a(vector43.o)
                0x9d03f760                __vector_dispatch_43
                0x00000001                ASSERT (((_vector_spacing == 0x0) || (SIZEOF (.vector_43) <= (_vector_spacing << 0x5))), function at exception vector 43 too large)

.vector_44      0x9d03f780        0x0
 *(.vector_44)
                0x00000001                ASSERT (((_vector_spacing == 0x0) || (SIZEOF (.vector_44) <= (_vector_spacing << 0x5))), function at exception vector 44 too large)

.vector_45      0x9d03f7a0        0x0
 *(.vector_45)
                0x00000001                ASSERT (((_vector_spacing == 0x0) || (SIZEOF (.vector_45) <= (_vector_spacing << 0x5))), function at exception vector 45 too large)

.vector_46      0x9d03f7c0        0x0
 *(.vector_46)
                0x00000001                ASSERT (((_vector_spacing == 0x0) || (SIZEOF (.vector_46) <= (_vector_spacing << 0x5))), function at exception vector 46 too large)

.vector_47      0x9d03f7e0        0x0
 *(.vector_47)
                0x00000001                ASSERT (((_vector_spacing == 0x0) || (SIZEOF (.vector_47) <= (_vector_spacing << 0x5))), function at exception vector 47 too large)

.vector_48      0x9d03f800        0x0
 *(.vector_48)
                0x00000001                ASSERT (((_vector_spacing == 0x0) || (SIZEOF (.vector_48) <= (_vector_spacing << 0x5))), function at exception vector 48 too large)

.vector_49      0x9d03f820        0x0
 *(.vector_49)
                0x00000001                ASSERT (((_vector_spacing == 0x0) || (SIZEOF (.vector_49) <= (_vector_spacing << 0x5))), function at exception vector 49 too large)

.vector_50      0x9d03f840        0x0
 *(.vector_50)
                0x00000001                ASSERT (((_vector_spacing == 0x0) || (SIZEOF (.vector_50) <= (_vector_spacing << 0x5))), function at exception vector 50 too large)

.vector_51      0x9d03f860        0x0
 *(.vector_51)
                0x00000001                ASSERT (((_vector_spacing == 0x0) || (SIZEOF (.vector_51) <= (_vector_spacing << 0x5))), function at exception vector 51 too large)

.vector_52      0x9d03f880        0x0
 *(.vector_52)
                0x00000001                ASSERT (((_vector_spacing == 0x0) || (SIZEOF (.vector_52) <= (_vector_spacing << 0x5))), function at exception vector 52 too large)

.vector_53      0x9d03f8a0        0x0
 *(.vector_53)
                0x00000001                ASSERT (((_vector_spacing == 0x0) || (SIZEOF (.vector_53) <= (_vector_spacing << 0x5))), function at exception vector 53 too large)

.vector_54      0x9d03f8c0        0x0
 *(.vector_54)
                0x00000001                ASSERT (((_vector_spacing == 0x0) || (SIZEOF (.vector_54) <= (_vector_spacing << 0x5))), function at exception vector 54 too large)

.vector_55      0x9d03f8e0        0x0
 *(.vector_55)
                0x00000001                ASSERT (((_vector_spacing == 0x0) || (SIZEOF (.vector_55) <= (_vector_spacing << 0x5))), function at exception vector 55 too large)

.vector_56      0x9d03f900        0x0
 *(.vector_56)
                0x00000001                ASSERT (((_vector_spacing == 0x0) || (SIZEOF (.vector_56) <= (_vector_spacing << 0x5))), function at exception vector 56 too large)

.vector_57      0x9d03f920        0x0
 *(.vector_57)
                0x00000001                ASSERT (((_vector_spacing == 0x0) || (SIZEOF (.vector_57) <= (_vector_spacing << 0x5))), function at exception vector 57 too large)

.vector_58      0x9d03f940        0x0
 *(.vector_58)
                0x00000001                ASSERT (((_vector_spacing == 0x0) || (SIZEOF (.vector_58) <= (_vector_spacing << 0x5))), function at exception vector 58 too large)

.vector_59      0x9d03f960        0x0
 *(.vector_59)
                0x00000001                ASSERT (((_vector_spacing == 0x0) || (SIZEOF (.vector_59) <= (_vector_spacing << 0x5))), function at exception vector 59 too large)

.vector_60      0x9d03f980        0x0
 *(.vector_60)
                0x00000001                ASSERT (((_vector_spacing == 0x0) || (SIZEOF (.vector_60) <= (_vector_spacing << 0x5))), function at exception vector 60 too large)

.vector_61      0x9d03f9a0        0x0
 *(.vector_61)
                0x00000001                ASSERT (((_vector_spacing == 0x0) || (SIZEOF (.vector_61) <= (_vector_spacing << 0x5))), function at exception vector 61 too large)

.vector_62      0x9d03f9c0        0x0
 *(.vector_62)
                0x00000001                ASSERT (((_vector_spacing == 0x0) || (SIZEOF (.vector_62) <= (_vector_spacing << 0x5))), function at exception vector 62 too large)

.vector_63      0x9d03f9e0        0x0
 *(.vector_63)
                0x00000001                ASSERT (((_vector_spacing == 0x0) || (SIZEOF (.vector_63) <= (_vector_spacing << 0x5))), function at exception vector 63 too large)

.startup
 *(.startup)

.text           0x9d000000        0x0
 *(.stub .gnu.linkonce.t.*)
 *(.text.*personality*)
 *(.mips16.fn.*)
 *(.mips16.call.*)
 *(.gnu.warning)
                0x9d000000                . = ALIGN (0x4)

.init           0x9d000000        0x0
 *crti.o(.init)
 *crtbegin.o(.init)
 *(EXCLUDE_FILE(*crtn.o *crtend?.o *crtend.o) .init)
 *crtend.o(.init)
 *crtn.o(.init)
                0x9d000000                . = ALIGN (0x4)

.fini           0x9d000000        0x0
 *(.fini)
                0x9d000000                . = ALIGN (0x4)

.preinit_array  0x9d000000        0x0
                0x9d000000                PROVIDE (__preinit_array_start, .)
 *(.preinit_array)
                0x9d000000                PROVIDE (__preinit_array_end, .)
                0x9d000000                . = ALIGN (0x4)

.init_array     0x9d000000        0x0
                0x9d000000                PROVIDE (__init_array_start, .)
 *(SORT(.init_array.*))
 *(.init_array)
                0x9d000000                PROVIDE (__init_array_end, .)
                0x9d000000                . = ALIGN (0x4)

.fini_array     0x9d000000        0x0
                0x9d000000                PROVIDE (__fini_array_start, .)
 *(SORT(.fini_array.*))
 *(.fini_array)
                0x9d000000                PROVIDE (__fini_array_end, .)
                0x9d000000                . = ALIGN (0x4)

.ctors          0x9d000000        0x0
 *crtbegin.o(.ctors)
 *crtbegin?.o(.ctors)
 *(EXCLUDE_FILE(*crtend?.o *crtend.o) .ctors)
 *(SORT(.ctors.*))
 *(.ctors)
                0x9d000000                . = ALIGN (0x4)

.dtors          0x9d000000        0x0
 *crtbegin.o(.dtors)
 *crtbegin?.o(.dtors)
 *(EXCLUDE_FILE(*crtend?.o *crtend.o) .dtors)
 *(SORT(.dtors.*))
 *(.dtors)
                0x9d000000                . = ALIGN (0x4)

.rodata         0x9d000000        0x0
 *(.gnu.linkonce.r.*)
 *(.rodata1)
                0x9d000000                . = ALIGN (0x4)

.sdata2         0x9fc00490        0x0
 *(.sdata2 .sdata2.* .gnu.linkonce.s2.*)
                0x9fc00490                . = ALIGN (0x4)

.sbss2          0x9fc00490        0x0
 *(.sbss2 .sbss2.* .gnu.linkonce.sb2.*)
                0x9fc00490                . = ALIGN (0x4)

.eh_frame_hdr
 *(.eh_frame_hdr)
                0x9fc00490                . = ALIGN (0x4)

.eh_frame
 *(.eh_frame)
                0x9fc00490                . = ALIGN (0x4)

.gcc_except_table
 *(.gcc_except_table .gcc_except_table.*)
                0x9fc00490                . = ALIGN (0x4)

.dbg_data       0xa0000000        0x0
                0xa0000000                . = (. + DEFINED (_DEBUGGER)?0x200:0x0)

.jcr            0xa0000000        0x0
 *(.jcr)
                0xa0000000                . = ALIGN (0x4)

.eh_frame
 *(.eh_frame)
                0xa0000000                . = ALIGN (0x4)

.gcc_except_table
 *(.gcc_except_table .gcc_except_table.*)
                0xa0000000                . = ALIGN (0x4)

.persist        0xa0000000        0x0
                0xa0000000                _persist_begin = .
 *(.persist .persist.*)
 *(.pbss .pbss.*)
                0xa0000000                . = ALIGN (0x4)
                0xa0000000                _persist_end = .

.data           0xa0000000        0x0
 *(.gnu.linkonce.d.*)
 *(.data1)
                0xa0000000                . = ALIGN (0x4)
                0xa0000000                . = .
                0xa0007ff0                _gp = (ALIGN (0x10) + 0x7ff0)

.got            0xa0000000        0x0
 *(.got.plt)
 *(.got)
                0xa0000000                . = ALIGN (0x4)

.sdata          0xa0000000        0x0
                0xa0000000                _sdata_begin = .
 *(.sdata .sdata.* .gnu.linkonce.s.*)
                0xa0000000                . = ALIGN (0x4)
                0xa0000000                _sdata_end = .

.lit8
 *(.lit8)

.lit4
 *(.lit4)
                0xa0000000                . = ALIGN (0x4)
                0xa0000000                _data_end = .
                0xa0000000                _bss_begin = .

.sbss           0xa0000000       0x84
                0xa0000000                _sbss_begin = .
 *(.dynsbss)
 *(.sbss .sbss.* .gnu.linkonce.sb.*)
 .sbss          0xa0000000        0x4 build/PIC32MX270_RevA/production/_ext/1074524308/app_usb_tasks.o
                0xa0000000                appUsbTaskState
 .sbss          0xa0000004        0x1 build/PIC32MX270_RevA/production/_ext/610166344/usb_device_hid.o
 *(.scommon)
 *fill*         0xa0000005        0x3 
 .scommon       0xa0000008        0x8 build/PIC32MX270_RevA/production/_ext/1074537854/app_i2c_internal.o
                0xa0000008                digipotBuffer
                0xa000000c                i2cInternalState
 .scommon       0xa0000010       0x18 build/PIC32MX270_RevA/production/_ext/1074537854/app_i2c_external.o
                0xa0000010                i2cExternalTxBufferIdx
                0xa0000011                i2c_external_data
                0xa0000012                i2c_external_address
                0xa0000013                i2cExternalRxBufferIdx
                0xa0000014                i2cExternalTxBuffer
                0xa000001c                i2cExternalRxBuffer
                0xa0000024                i2c_external_state
 .scommon       0xa0000028       0x1d build/PIC32MX270_RevA/production/_ext/1074524308/app_usb.o
                0xa0000028                receiveBufferReadIndex
                0xa0000029                receiveBufferWriteIndex
                0xa000002c                rxTransferHandle
                0xa0000030                rxInProgress
                0xa0000031                transmitBufferCount
                0xa0000032                txInProgress
                0xa0000033                idleRate
                0xa0000034                receiveBufferCount
                0xa0000035                configured
                0xa0000038                devHandle
                0xa000003c                configurationValue
                0xa000003d                transmitBufferReadIndex
                0xa0000040                txTransferHandle
                0xa0000044                transmitBufferWriteIndex
 *fill*         0xa0000045        0x3 
 .scommon       0xa0000048        0x6 build/PIC32MX270_RevA/production/_ext/1074524308/app_usb_tasks.o
                0xa0000048                previous_measurementSetId
                0xa000004c                remaining_measurements
 *fill*         0xa000004e        0x2 
 .scommon       0xa0000050       0x28 build/PIC32MX270_RevA/production/_ext/1360937237/capture.o
                0xa0000050                measurementSetProcessIndex
                0xa0000051                tmp
                0xa0000054                digipot
                0xa0000058                last_gain
                0xa000005c                measurementSetGet
                0xa0000064                zcd_count
                0xa0000065                measurementSetCaptureIndex
                0xa0000068                getTofPtr
                0xa000006c                maximumAmplitude
                0xa000006e                pulse_count
                0xa0000070                new_gain
                0xa0000074                digipotValues
 .scommon       0xa0000078        0x8 build/PIC32MX270_RevA/production/_ext/1271179505/sys_devcon.o
                0xa0000078                sysDevconObj
 .scommon       0xa0000080        0x2 build/PIC32MX270_RevA/production/_ext/610166344/usb_device_hid.o
                0xa0000080                gUSBDeviceHidCommonDataObj
                0xa0000082                _sbss_end = .
                0xa0000084                . = ALIGN (0x4)
 *fill*         0xa0000082        0x2 

.bss            0xa0000200      0xe60
 *(.dynbss)
 *(COMMON)
 COMMON         0xa0000200        0xc build/PIC32MX270_RevA/production/_ext/1074537854/app_i2c_internal.o
                0xa0000200                i2cInternalTxBuffer
 COMMON         0xa000020c      0x440 build/PIC32MX270_RevA/production/_ext/1074524308/app_usb.o
                0xa000020c                transmitBuffer
                0xa000060c                receiveBuffer
 COMMON         0xa000064c      0x2d8 build/PIC32MX270_RevA/production/_ext/1074524308/app_usb_tasks.o
                0xa000064c                singleMeasurementCpy
                0xa0000720                measurementSetCpy
 *fill*         0xa0000924       0xdc 
 COMMON         0xa0000a00       0x4c build/PIC32MX270_RevA/production/_ext/300354739/system_init.o
                0xa0000a00                endPointTable
                0xa0000a40                sysObj
 COMMON         0xa0000a4c       0x2c build/PIC32MX270_RevA/production/_ext/1360937237/app.o
                0xa0000a4c                appData
 COMMON         0xa0000a78      0x4e8 build/PIC32MX270_RevA/production/_ext/1360937237/capture.o
                0xa0000a78                measurementSet
                0xa0000e80                singleMeasurementGet
                0xa0000e8c                singleMeasurement
 COMMON         0xa0000f60       0x90 build/PIC32MX270_RevA/production/_ext/1213465256/drv_usbfs.o
                0xa0000f60                gDrvUSBGroup
 COMMON         0xa0000ff0       0x70 build/PIC32MX270_RevA/production/_ext/610166344/usb_device_hid.o
                0xa0000ff0                gUsbDeviceHidInstance
                0xa0001018                gUSBDeviceHIDIRP
                0xa0001060                . = ALIGN ((. != 0x0)?0x4:0x1)
                0xa0001060                . = ALIGN (0x4)
                0xa0001060                _end = .
                0xa0001060                _bss_end = .
                0x00010000                _bmxdudba_address = 0x10000
                0x00010000                _bmxdupba_address = 0x10000

/DISCARD/
 *(.pdr)
 *(.rel.dyn)
 *(.note.GNU-stack)
 *(.note.GNU-stack)
 *(.gnu_debuglink)
 *(.gnu.lto_*)
 *(.discard)

.gptab.sdata
 *(.gptab.data)
 *(.gptab.sdata)

.gptab.sbss
 *(.gptab.bss)
 *(.gptab.sbss)

.mdebug.abi32   0xa0001060        0x0
 *(.mdebug.abi32)
 .mdebug.abi32  0xa0001060        0x0 build/PIC32MX270_RevA/production/_ext/1074537854/app_i2c_internal.o
 .mdebug.abi32  0xa0001060        0x0 build/PIC32MX270_RevA/production/_ext/1074537854/app_i2c_external.o
 .mdebug.abi32  0xa0001060        0x0 build/PIC32MX270_RevA/production/_ext/1074524308/app_usb.o
 .mdebug.abi32  0xa0001060        0x0 build/PIC32MX270_RevA/production/_ext/1074524308/app_usb_tasks.o
 .mdebug.abi32  0xa0001060        0x0 build/PIC32MX270_RevA/production/_ext/1417703498/sys_clk_static.o
 .mdebug.abi32  0xa0001060        0x0 build/PIC32MX270_RevA/production/_ext/300354739/system_init.o
 .mdebug.abi32  0xa0001060        0x0 build/PIC32MX270_RevA/production/_ext/300354739/system_interrupt.o
 .mdebug.abi32  0xa0001060        0x0 build/PIC32MX270_RevA/production/_ext/300354739/system_tasks.o
 .mdebug.abi32  0xa0001060        0x0 build/PIC32MX270_RevA/production/_ext/1360937237/app.o
 .mdebug.abi32  0xa0001060        0x0 build/PIC32MX270_RevA/production/_ext/1360937237/main.o
 .mdebug.abi32  0xa0001060        0x0 build/PIC32MX270_RevA/production/_ext/1360937237/calculate.o
 .mdebug.abi32  0xa0001060        0x0 build/PIC32MX270_RevA/production/_ext/1360937237/capture.o
 .mdebug.abi32  0xa0001060        0x0 build/PIC32MX270_RevA/production/_ext/1213465256/drv_usbfs.o
 .mdebug.abi32  0xa0001060        0x0 build/PIC32MX270_RevA/production/_ext/1213465256/drv_usbfs_device.o
 .mdebug.abi32  0xa0001060        0x0 build/PIC32MX270_RevA/production/_ext/1271179505/sys_devcon.o
 .mdebug.abi32  0xa0001060        0x0 build/PIC32MX270_RevA/production/_ext/1271179505/sys_devcon_pic32mx.o
 .mdebug.abi32  0xa0001060        0x0 build/PIC32MX270_RevA/production/_ext/122796885/sys_int_pic32.o
 .mdebug.abi32  0xa0001060        0x0 build/PIC32MX270_RevA/production/_ext/610166344/usb_device.o
 .mdebug.abi32  0xa0001060        0x0 build/PIC32MX270_RevA/production/_ext/610166344/usb_device_hid.o
 .mdebug.abi32  0xa0001060        0x0 c:/program files (x86)/microchip/xc32/v1.43/bin/bin/../../lib/gcc/pic32mx/4.8.3\libgcc.a(floatunsisf.o)
 .mdebug.abi32  0xa0001060        0x0 c:/program files (x86)/microchip/xc32/v1.43/bin/bin/../../lib/gcc/pic32mx/4.8.3\libgcc.a(floatunsidf.o)
 .mdebug.abi32  0xa0001060        0x0 c:/program files (x86)/microchip/xc32/v1.43/bin/bin/../../lib/gcc/pic32mx/4.8.3/../../../../pic32mx/lib\libpic32.a(default-bootstrap-exception-handler.o)
 .mdebug.abi32  0xa0001060        0x0 c:/program files (x86)/microchip/xc32/v1.43/bin/bin/../../lib/gcc/pic32mx/4.8.3/../../../../pic32mx/lib\libpic32.a(default-on-reset.o)
 .mdebug.abi32  0xa0001060        0x0 c:/program files (x86)/microchip/xc32/v1.43/bin/bin/../../lib/gcc/pic32mx/4.8.3/../../../../pic32mx/lib\libpic32.a(default-on-bootstrap.o)
 .mdebug.abi32  0xa0001060        0x0 c:/program files (x86)/microchip/xc32/v1.43/bin/bin/../../lib/gcc/pic32mx/4.8.3/../../../../pic32mx/lib\libpic32.a(default-general-exception-handler.o)
 .mdebug.abi32  0xa0001060        0x0 c:/program files (x86)/microchip/xc32/v1.43/bin/bin/../../lib/gcc/pic32mx/4.8.3/../../../../pic32mx/lib\libpic32.a(defaultinterrupt.o)
 .mdebug.abi32  0xa0001060        0x0 c:/program files (x86)/microchip/xc32/v1.43/bin/bin/../../lib/gcc/pic32mx/4.8.3/../../../../pic32mx/lib\libc.a(itoa.o)
 .mdebug.abi32  0xa0001060        0x0 c:/program files (x86)/microchip/xc32/v1.43/bin/bin/../../lib/gcc/pic32mx/4.8.3/../../../../pic32mx/lib\libc.a(qsort.o)
 .mdebug.abi32  0xa0001060        0x0 c:/program files (x86)/microchip/xc32/v1.43/bin/bin/../../lib/gcc/pic32mx/4.8.3/../../../../pic32mx/lib\libc.a(swap.o)
 .mdebug.abi32  0xa0001060        0x0 c:/program files (x86)/microchip/xc32/v1.43/bin/bin/../../lib/gcc/pic32mx/4.8.3/../../../../pic32mx/lib\libc.a(malloc.o)
 .mdebug.abi32  0xa0001060        0x0 c:/program files (x86)/microchip/xc32/v1.43/bin/bin/../../lib/gcc/pic32mx/4.8.3/../../../../pic32mx/lib\libpic32.a(sbrk.o)
 .mdebug.abi32  0xa0001060        0x0 c:/program files (x86)/microchip/xc32/v1.43/bin/bin/../../lib/gcc/pic32mx/4.8.3/../../../../pic32mx/lib\libpic32.a(errno.o)

.mdebug.abiN32
 *(.mdebug.abiN32)

.mdebug.abi64
 *(.mdebug.abi64)

.mdebug.abiO64
 *(.mdebug.abiO64)

.mdebug.eabi32
 *(.mdebug.eabi32)

.mdebug.eabi64
 *(.mdebug.eabi64)

.gcc_compiled_long32
 *(.gcc_compiled_long32)

.gcc_compiled_long64
 *(.gcc_compiled_long64)

.stab
 *(.stab)

.stabstr
 *(.stabstr)

.stab.excl
 *(.stab.excl)

.stab.exclstr
 *(.stab.exclstr)

.stab.index
 *(.stab.index)

.stab.indexstr
 *(.stab.indexstr)

.comment        0x00000000       0x9f
 *(.comment)
 .comment       0x00000000       0x3c build/PIC32MX270_RevA/production/_ext/1074537854/app_i2c_internal.o
                                 0x3d (size before relaxing)
 .comment       0x00000000       0x3d build/PIC32MX270_RevA/production/_ext/1074537854/app_i2c_external.o
 .comment       0x00000000       0x3d build/PIC32MX270_RevA/production/_ext/1074524308/app_usb.o
 .comment       0x00000000       0x3d build/PIC32MX270_RevA/production/_ext/1074524308/app_usb_tasks.o
 .comment       0x00000000       0x3d build/PIC32MX270_RevA/production/_ext/1417703498/sys_clk_static.o
 .comment       0x00000000       0x3d build/PIC32MX270_RevA/production/_ext/300354739/system_init.o
 .comment       0x00000000       0x3d build/PIC32MX270_RevA/production/_ext/300354739/system_interrupt.o
 .comment       0x00000000       0x3d build/PIC32MX270_RevA/production/_ext/300354739/system_tasks.o
 .comment       0x00000000       0x3d build/PIC32MX270_RevA/production/_ext/1360937237/app.o
 .comment       0x00000000       0x3d build/PIC32MX270_RevA/production/_ext/1360937237/main.o
 .comment       0x00000000       0x3d build/PIC32MX270_RevA/production/_ext/1360937237/calculate.o
 .comment       0x00000000       0x3d build/PIC32MX270_RevA/production/_ext/1360937237/capture.o
 .comment       0x00000000       0x3d build/PIC32MX270_RevA/production/_ext/1213465256/drv_usbfs.o
 .comment       0x00000000       0x3d build/PIC32MX270_RevA/production/_ext/1213465256/drv_usbfs_device.o
 .comment       0x00000000       0x3d build/PIC32MX270_RevA/production/_ext/1271179505/sys_devcon.o
 .comment       0x00000000       0x3d build/PIC32MX270_RevA/production/_ext/1271179505/sys_devcon_pic32mx.o
 .comment       0x00000000       0x3d build/PIC32MX270_RevA/production/_ext/122796885/sys_int_pic32.o
 .comment       0x00000000       0x3d build/PIC32MX270_RevA/production/_ext/610166344/usb_device.o
 .comment       0x00000000       0x3d build/PIC32MX270_RevA/production/_ext/610166344/usb_device_hid.o
 .comment       0x00000000       0x3d c:/program files (x86)/microchip/xc32/v1.43/bin/bin/../../lib/gcc/pic32mx/4.8.3\libgcc.a(floatunsisf.o)
 .comment       0x00000000       0x3d c:/program files (x86)/microchip/xc32/v1.43/bin/bin/../../lib/gcc/pic32mx/4.8.3\libgcc.a(floatunsidf.o)
 .comment       0x00000000       0x3d c:/program files (x86)/microchip/xc32/v1.43/bin/bin/../../lib/gcc/pic32mx/4.8.3/../../../../pic32mx/lib\libpic32.a(default-bootstrap-exception-handler.o)
 .comment       0x00000000       0x3d c:/program files (x86)/microchip/xc32/v1.43/bin/bin/../../lib/gcc/pic32mx/4.8.3/../../../../pic32mx/lib\libpic32.a(default-on-reset.o)
 .comment       0x00000000       0x3d c:/program files (x86)/microchip/xc32/v1.43/bin/bin/../../lib/gcc/pic32mx/4.8.3/../../../../pic32mx/lib\libpic32.a(default-on-bootstrap.o)
 .comment       0x00000000       0x3d c:/program files (x86)/microchip/xc32/v1.43/bin/bin/../../lib/gcc/pic32mx/4.8.3/../../../../pic32mx/lib\libpic32.a(default-general-exception-handler.o)
 .comment       0x00000000       0x3d c:/program files (x86)/microchip/xc32/v1.43/bin/bin/../../lib/gcc/pic32mx/4.8.3/../../../../pic32mx/lib\libpic32.a(defaultinterrupt.o)
 .comment       0x00000000       0x3d c:/program files (x86)/microchip/xc32/v1.43/bin/bin/../../lib/gcc/pic32mx/4.8.3/../../../../pic32mx/lib\libc.a(itoa.o)
 .comment       0x00000000       0x3d c:/program files (x86)/microchip/xc32/v1.43/bin/bin/../../lib/gcc/pic32mx/4.8.3/../../../../pic32mx/lib\libc.a(qsort.o)
 .comment       0x00000000       0x3d c:/program files (x86)/microchip/xc32/v1.43/bin/bin/../../lib/gcc/pic32mx/4.8.3/../../../../pic32mx/lib\libc.a(swap.o)
 .comment       0x00000000       0x3d c:/program files (x86)/microchip/xc32/v1.43/bin/bin/../../lib/gcc/pic32mx/4.8.3/../../../../pic32mx/lib\libc.a(malloc.o)
 .comment       0x0000003c       0x4b c:/program files (x86)/microchip/xc32/v1.43/bin/bin/../../lib/gcc/pic32mx/4.8.3/../../../../pic32mx/lib\libpic32.a(sbrk.o)
                                 0x88 (size before relaxing)
 .comment       0x00000000       0x3d c:/program files (x86)/microchip/xc32/v1.43/bin/bin/../../lib/gcc/pic32mx/4.8.3/../../../../pic32mx/lib\libpic32.a(errno.o)
 .comment       0x00000087       0x18 c:/program files (x86)/microchip/xc32/v1.43/bin/bin/../../lib/gcc/pic32mx/4.8.3/../../../../pic32mx/lib\libpic32.a(memset.o)
                                 0x19 (size before relaxing)

.debug
 *(.debug)

.line
 *(.line)

.debug_srcinfo
 *(.debug_srcinfo)

.debug_sfnames
 *(.debug_sfnames)

.debug_aranges  0x00000000      0x930
 *(.debug_aranges)
 .debug_aranges
                0x00000000       0x38 build/PIC32MX270_RevA/production/_ext/1074537854/app_i2c_internal.o
 .debug_aranges
                0x00000038       0x38 build/PIC32MX270_RevA/production/_ext/1074537854/app_i2c_external.o
 .debug_aranges
                0x00000070       0x78 build/PIC32MX270_RevA/production/_ext/1074524308/app_usb.o
 .debug_aranges
                0x000000e8       0x70 build/PIC32MX270_RevA/production/_ext/1074524308/app_usb_tasks.o
 .debug_aranges
                0x00000158       0x50 build/PIC32MX270_RevA/production/_ext/1417703498/sys_clk_static.o
 .debug_aranges
                0x000001a8       0x28 build/PIC32MX270_RevA/production/_ext/300354739/system_init.o
 .debug_aranges
                0x000001d0       0x48 build/PIC32MX270_RevA/production/_ext/300354739/system_interrupt.o
 .debug_aranges
                0x00000218       0x20 build/PIC32MX270_RevA/production/_ext/300354739/system_tasks.o
 .debug_aranges
                0x00000238       0x28 build/PIC32MX270_RevA/production/_ext/1360937237/app.o
 .debug_aranges
                0x00000260       0x20 build/PIC32MX270_RevA/production/_ext/1360937237/main.o
 .debug_aranges
                0x00000280       0x50 build/PIC32MX270_RevA/production/_ext/1360937237/calculate.o
 .debug_aranges
                0x000002d0       0x60 build/PIC32MX270_RevA/production/_ext/1360937237/capture.o
 .debug_aranges
                0x00000330       0x70 build/PIC32MX270_RevA/production/_ext/1213465256/drv_usbfs.o
 .debug_aranges
                0x000003a0      0x148 build/PIC32MX270_RevA/production/_ext/1213465256/drv_usbfs_device.o
 .debug_aranges
                0x000004e8       0x78 build/PIC32MX270_RevA/production/_ext/1271179505/sys_devcon.o
 .debug_aranges
                0x00000560       0x20 build/PIC32MX270_RevA/production/_ext/1271179505/sys_devcon_pic32mx.o
 .debug_aranges
                0x00000580       0x48 build/PIC32MX270_RevA/production/_ext/122796885/sys_int_pic32.o
 .debug_aranges
                0x000005c8      0x150 build/PIC32MX270_RevA/production/_ext/610166344/usb_device.o
 .debug_aranges
                0x00000718       0x60 build/PIC32MX270_RevA/production/_ext/610166344/usb_device_hid.o
 .debug_aranges
                0x00000778       0x20 c:/program files (x86)/microchip/xc32/v1.43/bin/bin/../../lib/gcc/pic32mx/4.8.3\libgcc.a(floatunsisf.o)
 .debug_aranges
                0x00000798       0x20 c:/program files (x86)/microchip/xc32/v1.43/bin/bin/../../lib/gcc/pic32mx/4.8.3\libgcc.a(floatunsidf.o)
 .debug_aranges
                0x000007b8       0x20 c:/program files (x86)/microchip/xc32/v1.43/bin/bin/../../lib/gcc/pic32mx/4.8.3/../../../../pic32mx/lib\libpic32.a(default-bootstrap-exception-handler.o)
 .debug_aranges
                0x000007d8       0x20 c:/program files (x86)/microchip/xc32/v1.43/bin/bin/../../lib/gcc/pic32mx/4.8.3/../../../../pic32mx/lib\libpic32.a(default-on-reset.o)
 .debug_aranges
                0x000007f8       0x20 c:/program files (x86)/microchip/xc32/v1.43/bin/bin/../../lib/gcc/pic32mx/4.8.3/../../../../pic32mx/lib\libpic32.a(default-on-bootstrap.o)
 .debug_aranges
                0x00000818       0x20 c:/program files (x86)/microchip/xc32/v1.43/bin/bin/../../lib/gcc/pic32mx/4.8.3/../../../../pic32mx/lib\libpic32.a(default-general-exception-handler.o)
 .debug_aranges
                0x00000838       0x20 c:/program files (x86)/microchip/xc32/v1.43/bin/bin/../../lib/gcc/pic32mx/4.8.3/../../../../pic32mx/lib\libpic32.a(defaultinterrupt.o)
 .debug_aranges
                0x00000858       0x28 c:/program files (x86)/microchip/xc32/v1.43/bin/bin/../../lib/gcc/pic32mx/4.8.3/../../../../pic32mx/lib\libc.a(itoa.o)
 .debug_aranges
                0x00000880       0x20 c:/program files (x86)/microchip/xc32/v1.43/bin/bin/../../lib/gcc/pic32mx/4.8.3/../../../../pic32mx/lib\libc.a(qsort.o)
 .debug_aranges
                0x000008a0       0x20 c:/program files (x86)/microchip/xc32/v1.43/bin/bin/../../lib/gcc/pic32mx/4.8.3/../../../../pic32mx/lib\libc.a(swap.o)
 .debug_aranges
                0x000008c0       0x30 c:/program files (x86)/microchip/xc32/v1.43/bin/bin/../../lib/gcc/pic32mx/4.8.3/../../../../pic32mx/lib\libc.a(malloc.o)
 .debug_aranges
                0x000008f0       0x40 c:/program files (x86)/microchip/xc32/v1.43/bin/bin/../../lib/gcc/pic32mx/4.8.3/../../../../pic32mx/lib\libpic32.a(sbrk.o)

.debug_pubnames
 *(.debug_pubnames)

.debug_info     0x00000000    0x32009
 *(.debug_info .gnu.linkonce.wi.*)
 .debug_info    0x00000000     0x2427 build/PIC32MX270_RevA/production/_ext/1074537854/app_i2c_internal.o
 .debug_info    0x00002427     0x2bea build/PIC32MX270_RevA/production/_ext/1074537854/app_i2c_external.o
 .debug_info    0x00005011     0x38da build/PIC32MX270_RevA/production/_ext/1074524308/app_usb.o
 .debug_info    0x000088eb     0x200f build/PIC32MX270_RevA/production/_ext/1074524308/app_usb_tasks.o
 .debug_info    0x0000a8fa     0x1985 build/PIC32MX270_RevA/production/_ext/1417703498/sys_clk_static.o
 .debug_info    0x0000c27f     0x6305 build/PIC32MX270_RevA/production/_ext/300354739/system_init.o
 .debug_info    0x00012584      0xbce build/PIC32MX270_RevA/production/_ext/300354739/system_interrupt.o
 .debug_info    0x00013152      0xb0e build/PIC32MX270_RevA/production/_ext/300354739/system_tasks.o
 .debug_info    0x00013c60      0xff9 build/PIC32MX270_RevA/production/_ext/1360937237/app.o
 .debug_info    0x00014c59      0x1bb build/PIC32MX270_RevA/production/_ext/1360937237/main.o
 .debug_info    0x00014e14     0x10f6 build/PIC32MX270_RevA/production/_ext/1360937237/calculate.o
 .debug_info    0x00015f0a     0x5c00 build/PIC32MX270_RevA/production/_ext/1360937237/capture.o
 .debug_info    0x0001bb0a     0x34da build/PIC32MX270_RevA/production/_ext/1213465256/drv_usbfs.o
 .debug_info    0x0001efe4     0x6891 build/PIC32MX270_RevA/production/_ext/1213465256/drv_usbfs_device.o
 .debug_info    0x00025875      0xf3e build/PIC32MX270_RevA/production/_ext/1271179505/sys_devcon.o
 .debug_info    0x000267b3      0x74e build/PIC32MX270_RevA/production/_ext/1271179505/sys_devcon_pic32mx.o
 .debug_info    0x00026f01     0x1292 build/PIC32MX270_RevA/production/_ext/122796885/sys_int_pic32.o
 .debug_info    0x00028193     0x51d1 build/PIC32MX270_RevA/production/_ext/610166344/usb_device.o
 .debug_info    0x0002d364     0x4136 build/PIC32MX270_RevA/production/_ext/610166344/usb_device_hid.o
 .debug_info    0x0003149a      0x12f c:/program files (x86)/microchip/xc32/v1.43/bin/bin/../../lib/gcc/pic32mx/4.8.3\libgcc.a(floatunsisf.o)
 .debug_info    0x000315c9      0x142 c:/program files (x86)/microchip/xc32/v1.43/bin/bin/../../lib/gcc/pic32mx/4.8.3\libgcc.a(floatunsidf.o)
 .debug_info    0x0003170b       0xf5 c:/program files (x86)/microchip/xc32/v1.43/bin/bin/../../lib/gcc/pic32mx/4.8.3/../../../../pic32mx/lib\libpic32.a(default-bootstrap-exception-handler.o)
 .debug_info    0x00031800       0xce c:/program files (x86)/microchip/xc32/v1.43/bin/bin/../../lib/gcc/pic32mx/4.8.3/../../../../pic32mx/lib\libpic32.a(default-on-reset.o)
 .debug_info    0x000318ce       0xd6 c:/program files (x86)/microchip/xc32/v1.43/bin/bin/../../lib/gcc/pic32mx/4.8.3/../../../../pic32mx/lib\libpic32.a(default-on-bootstrap.o)
 .debug_info    0x000319a4       0xf1 c:/program files (x86)/microchip/xc32/v1.43/bin/bin/../../lib/gcc/pic32mx/4.8.3/../../../../pic32mx/lib\libpic32.a(default-general-exception-handler.o)
 .debug_info    0x00031a95       0xe8 c:/program files (x86)/microchip/xc32/v1.43/bin/bin/../../lib/gcc/pic32mx/4.8.3/../../../../pic32mx/lib\libpic32.a(defaultinterrupt.o)
 .debug_info    0x00031b7d       0xdc c:/program files (x86)/microchip/xc32/v1.43/bin/bin/../../lib/gcc/pic32mx/4.8.3/../../../../pic32mx/lib\libc.a(itoa.o)
 .debug_info    0x00031c59       0xc4 c:/program files (x86)/microchip/xc32/v1.43/bin/bin/../../lib/gcc/pic32mx/4.8.3/../../../../pic32mx/lib\libc.a(qsort.o)
 .debug_info    0x00031d1d       0xc3 c:/program files (x86)/microchip/xc32/v1.43/bin/bin/../../lib/gcc/pic32mx/4.8.3/../../../../pic32mx/lib\libc.a(swap.o)
 .debug_info    0x00031de0       0xf7 c:/program files (x86)/microchip/xc32/v1.43/bin/bin/../../lib/gcc/pic32mx/4.8.3/../../../../pic32mx/lib\libc.a(malloc.o)
 .debug_info    0x00031ed7      0x132 c:/program files (x86)/microchip/xc32/v1.43/bin/bin/../../lib/gcc/pic32mx/4.8.3/../../../../pic32mx/lib\libpic32.a(sbrk.o)

.debug_abbrev   0x00000000     0x343e
 *(.debug_abbrev)
 .debug_abbrev  0x00000000      0x215 build/PIC32MX270_RevA/production/_ext/1074537854/app_i2c_internal.o
 .debug_abbrev  0x00000215      0x20c build/PIC32MX270_RevA/production/_ext/1074537854/app_i2c_external.o
 .debug_abbrev  0x00000421      0x30f build/PIC32MX270_RevA/production/_ext/1074524308/app_usb.o
 .debug_abbrev  0x00000730      0x2e8 build/PIC32MX270_RevA/production/_ext/1074524308/app_usb_tasks.o
 .debug_abbrev  0x00000a18      0x28d build/PIC32MX270_RevA/production/_ext/1417703498/sys_clk_static.o
 .debug_abbrev  0x00000ca5      0x389 build/PIC32MX270_RevA/production/_ext/300354739/system_init.o
 .debug_abbrev  0x0000102e       0xdb build/PIC32MX270_RevA/production/_ext/300354739/system_interrupt.o
 .debug_abbrev  0x00001109       0xf3 build/PIC32MX270_RevA/production/_ext/300354739/system_tasks.o
 .debug_abbrev  0x000011fc      0x1cc build/PIC32MX270_RevA/production/_ext/1360937237/app.o
 .debug_abbrev  0x000013c8       0x93 build/PIC32MX270_RevA/production/_ext/1360937237/main.o
 .debug_abbrev  0x0000145b      0x242 build/PIC32MX270_RevA/production/_ext/1360937237/calculate.o
 .debug_abbrev  0x0000169d      0x3a2 build/PIC32MX270_RevA/production/_ext/1360937237/capture.o
 .debug_abbrev  0x00001a3f      0x43f build/PIC32MX270_RevA/production/_ext/1213465256/drv_usbfs.o
 .debug_abbrev  0x00001e7e      0x4d8 build/PIC32MX270_RevA/production/_ext/1213465256/drv_usbfs_device.o
 .debug_abbrev  0x00002356      0x285 build/PIC32MX270_RevA/production/_ext/1271179505/sys_devcon.o
 .debug_abbrev  0x000025db      0x162 build/PIC32MX270_RevA/production/_ext/1271179505/sys_devcon_pic32mx.o
 .debug_abbrev  0x0000273d      0x1d0 build/PIC32MX270_RevA/production/_ext/122796885/sys_int_pic32.o
 .debug_abbrev  0x0000290d      0x437 build/PIC32MX270_RevA/production/_ext/610166344/usb_device.o
 .debug_abbrev  0x00002d44      0x43c build/PIC32MX270_RevA/production/_ext/610166344/usb_device_hid.o
 .debug_abbrev  0x00003180       0x62 c:/program files (x86)/microchip/xc32/v1.43/bin/bin/../../lib/gcc/pic32mx/4.8.3\libgcc.a(floatunsisf.o)
 .debug_abbrev  0x000031e2       0x62 c:/program files (x86)/microchip/xc32/v1.43/bin/bin/../../lib/gcc/pic32mx/4.8.3\libgcc.a(floatunsidf.o)
 .debug_abbrev  0x00003244       0x28 c:/program files (x86)/microchip/xc32/v1.43/bin/bin/../../lib/gcc/pic32mx/4.8.3/../../../../pic32mx/lib\libpic32.a(default-bootstrap-exception-handler.o)
 .debug_abbrev  0x0000326c       0x28 c:/program files (x86)/microchip/xc32/v1.43/bin/bin/../../lib/gcc/pic32mx/4.8.3/../../../../pic32mx/lib\libpic32.a(default-on-reset.o)
 .debug_abbrev  0x00003294       0x28 c:/program files (x86)/microchip/xc32/v1.43/bin/bin/../../lib/gcc/pic32mx/4.8.3/../../../../pic32mx/lib\libpic32.a(default-on-bootstrap.o)
 .debug_abbrev  0x000032bc       0x28 c:/program files (x86)/microchip/xc32/v1.43/bin/bin/../../lib/gcc/pic32mx/4.8.3/../../../../pic32mx/lib\libpic32.a(default-general-exception-handler.o)
 .debug_abbrev  0x000032e4       0x28 c:/program files (x86)/microchip/xc32/v1.43/bin/bin/../../lib/gcc/pic32mx/4.8.3/../../../../pic32mx/lib\libpic32.a(defaultinterrupt.o)
 .debug_abbrev  0x0000330c       0x47 c:/program files (x86)/microchip/xc32/v1.43/bin/bin/../../lib/gcc/pic32mx/4.8.3/../../../../pic32mx/lib\libc.a(itoa.o)
 .debug_abbrev  0x00003353       0x28 c:/program files (x86)/microchip/xc32/v1.43/bin/bin/../../lib/gcc/pic32mx/4.8.3/../../../../pic32mx/lib\libc.a(qsort.o)
 .debug_abbrev  0x0000337b       0x28 c:/program files (x86)/microchip/xc32/v1.43/bin/bin/../../lib/gcc/pic32mx/4.8.3/../../../../pic32mx/lib\libc.a(swap.o)
 .debug_abbrev  0x000033a3       0x47 c:/program files (x86)/microchip/xc32/v1.43/bin/bin/../../lib/gcc/pic32mx/4.8.3/../../../../pic32mx/lib\libc.a(malloc.o)
 .debug_abbrev  0x000033ea       0x54 c:/program files (x86)/microchip/xc32/v1.43/bin/bin/../../lib/gcc/pic32mx/4.8.3/../../../../pic32mx/lib\libpic32.a(sbrk.o)

.debug_line     0x00000000     0x701f
 *(.debug_line)
 .debug_line    0x00000000      0x593 build/PIC32MX270_RevA/production/_ext/1074537854/app_i2c_internal.o
 .debug_line    0x00000593      0x683 build/PIC32MX270_RevA/production/_ext/1074537854/app_i2c_external.o
 .debug_line    0x00000c16      0x45f build/PIC32MX270_RevA/production/_ext/1074524308/app_usb.o
 .debug_line    0x00001075      0x498 build/PIC32MX270_RevA/production/_ext/1074524308/app_usb_tasks.o
 .debug_line    0x0000150d      0x494 build/PIC32MX270_RevA/production/_ext/1417703498/sys_clk_static.o
 .debug_line    0x000019a1      0x8cd build/PIC32MX270_RevA/production/_ext/300354739/system_init.o
 .debug_line    0x0000226e      0x1f9 build/PIC32MX270_RevA/production/_ext/300354739/system_interrupt.o
 .debug_line    0x00002467      0x2a1 build/PIC32MX270_RevA/production/_ext/300354739/system_tasks.o
 .debug_line    0x00002708      0x24d build/PIC32MX270_RevA/production/_ext/1360937237/app.o
 .debug_line    0x00002955       0xb7 build/PIC32MX270_RevA/production/_ext/1360937237/main.o
 .debug_line    0x00002a0c      0x26f build/PIC32MX270_RevA/production/_ext/1360937237/calculate.o
 .debug_line    0x00002c7b      0xcaf build/PIC32MX270_RevA/production/_ext/1360937237/capture.o
 .debug_line    0x0000392a      0x79b build/PIC32MX270_RevA/production/_ext/1213465256/drv_usbfs.o
 .debug_line    0x000040c5      0xe23 build/PIC32MX270_RevA/production/_ext/1213465256/drv_usbfs_device.o
 .debug_line    0x00004ee8      0x564 build/PIC32MX270_RevA/production/_ext/1271179505/sys_devcon.o
 .debug_line    0x0000544c      0x350 build/PIC32MX270_RevA/production/_ext/1271179505/sys_devcon_pic32mx.o
 .debug_line    0x0000579c      0x36e build/PIC32MX270_RevA/production/_ext/122796885/sys_int_pic32.o
 .debug_line    0x00005b0a      0x8f8 build/PIC32MX270_RevA/production/_ext/610166344/usb_device.o
 .debug_line    0x00006402      0x549 build/PIC32MX270_RevA/production/_ext/610166344/usb_device_hid.o
 .debug_line    0x0000694b       0x9a c:/program files (x86)/microchip/xc32/v1.43/bin/bin/../../lib/gcc/pic32mx/4.8.3\libgcc.a(floatunsisf.o)
 .debug_line    0x000069e5       0x99 c:/program files (x86)/microchip/xc32/v1.43/bin/bin/../../lib/gcc/pic32mx/4.8.3\libgcc.a(floatunsidf.o)
 .debug_line    0x00006a7e       0xa7 c:/program files (x86)/microchip/xc32/v1.43/bin/bin/../../lib/gcc/pic32mx/4.8.3/../../../../pic32mx/lib\libpic32.a(default-bootstrap-exception-handler.o)
 .debug_line    0x00006b25       0x94 c:/program files (x86)/microchip/xc32/v1.43/bin/bin/../../lib/gcc/pic32mx/4.8.3/../../../../pic32mx/lib\libpic32.a(default-on-reset.o)
 .debug_line    0x00006bb9       0x98 c:/program files (x86)/microchip/xc32/v1.43/bin/bin/../../lib/gcc/pic32mx/4.8.3/../../../../pic32mx/lib\libpic32.a(default-on-bootstrap.o)
 .debug_line    0x00006c51       0xa5 c:/program files (x86)/microchip/xc32/v1.43/bin/bin/../../lib/gcc/pic32mx/4.8.3/../../../../pic32mx/lib\libpic32.a(default-general-exception-handler.o)
 .debug_line    0x00006cf6       0xa6 c:/program files (x86)/microchip/xc32/v1.43/bin/bin/../../lib/gcc/pic32mx/4.8.3/../../../../pic32mx/lib\libpic32.a(defaultinterrupt.o)
 .debug_line    0x00006d9c       0x7e c:/program files (x86)/microchip/xc32/v1.43/bin/bin/../../lib/gcc/pic32mx/4.8.3/../../../../pic32mx/lib\libc.a(itoa.o)
 .debug_line    0x00006e1a       0x7f c:/program files (x86)/microchip/xc32/v1.43/bin/bin/../../lib/gcc/pic32mx/4.8.3/../../../../pic32mx/lib\libc.a(qsort.o)
 .debug_line    0x00006e99       0x7e c:/program files (x86)/microchip/xc32/v1.43/bin/bin/../../lib/gcc/pic32mx/4.8.3/../../../../pic32mx/lib\libc.a(swap.o)
 .debug_line    0x00006f17       0x80 c:/program files (x86)/microchip/xc32/v1.43/bin/bin/../../lib/gcc/pic32mx/4.8.3/../../../../pic32mx/lib\libc.a(malloc.o)
 .debug_line    0x00006f97       0x88 c:/program files (x86)/microchip/xc32/v1.43/bin/bin/../../lib/gcc/pic32mx/4.8.3/../../../../pic32mx/lib\libpic32.a(sbrk.o)
 .debug_line    0x0000701f        0x0 c:/program files (x86)/microchip/xc32/v1.43/bin/bin/../../lib/gcc/pic32mx/4.8.3/../../../../pic32mx/lib\libpic32.a(errno.o)

.debug_frame    0x00000000     0x14cc
 *(.debug_frame)
 .debug_frame   0x00000000       0x58 build/PIC32MX270_RevA/production/_ext/1074537854/app_i2c_internal.o
 .debug_frame   0x00000058       0x58 build/PIC32MX270_RevA/production/_ext/1074537854/app_i2c_external.o
 .debug_frame   0x000000b0       0xfc build/PIC32MX270_RevA/production/_ext/1074524308/app_usb.o
 .debug_frame   0x000001ac      0x13c build/PIC32MX270_RevA/production/_ext/1074524308/app_usb_tasks.o
 .debug_frame   0x000002e8       0xa0 build/PIC32MX270_RevA/production/_ext/1417703498/sys_clk_static.o
 .debug_frame   0x00000388       0x38 build/PIC32MX270_RevA/production/_ext/300354739/system_init.o
 .debug_frame   0x000003c0      0x1a8 build/PIC32MX270_RevA/production/_ext/300354739/system_interrupt.o
 .debug_frame   0x00000568       0x28 build/PIC32MX270_RevA/production/_ext/300354739/system_tasks.o
 .debug_frame   0x00000590       0x48 build/PIC32MX270_RevA/production/_ext/1360937237/app.o
 .debug_frame   0x000005d8       0x28 build/PIC32MX270_RevA/production/_ext/1360937237/main.o
 .debug_frame   0x00000600       0xd0 build/PIC32MX270_RevA/production/_ext/1360937237/calculate.o
 .debug_frame   0x000006d0       0xac build/PIC32MX270_RevA/production/_ext/1360937237/capture.o
 .debug_frame   0x0000077c       0xe4 build/PIC32MX270_RevA/production/_ext/1213465256/drv_usbfs.o
 .debug_frame   0x00000860      0x38c build/PIC32MX270_RevA/production/_ext/1213465256/drv_usbfs_device.o
 .debug_frame   0x00000bec       0xe8 build/PIC32MX270_RevA/production/_ext/1271179505/sys_devcon.o
 .debug_frame   0x00000cd4       0x28 build/PIC32MX270_RevA/production/_ext/1271179505/sys_devcon_pic32mx.o
 .debug_frame   0x00000cfc       0x90 build/PIC32MX270_RevA/production/_ext/122796885/sys_int_pic32.o
 .debug_frame   0x00000d8c      0x3d8 build/PIC32MX270_RevA/production/_ext/610166344/usb_device.o
 .debug_frame   0x00001164       0xe8 build/PIC32MX270_RevA/production/_ext/610166344/usb_device_hid.o
 .debug_frame   0x0000124c       0x28 c:/program files (x86)/microchip/xc32/v1.43/bin/bin/../../lib/gcc/pic32mx/4.8.3\libgcc.a(floatunsisf.o)
 .debug_frame   0x00001274       0x28 c:/program files (x86)/microchip/xc32/v1.43/bin/bin/../../lib/gcc/pic32mx/4.8.3\libgcc.a(floatunsidf.o)
 .debug_frame   0x0000129c       0x2c c:/program files (x86)/microchip/xc32/v1.43/bin/bin/../../lib/gcc/pic32mx/4.8.3/../../../../pic32mx/lib\libpic32.a(default-bootstrap-exception-handler.o)
 .debug_frame   0x000012c8       0x20 c:/program files (x86)/microchip/xc32/v1.43/bin/bin/../../lib/gcc/pic32mx/4.8.3/../../../../pic32mx/lib\libpic32.a(default-on-reset.o)
 .debug_frame   0x000012e8       0x20 c:/program files (x86)/microchip/xc32/v1.43/bin/bin/../../lib/gcc/pic32mx/4.8.3/../../../../pic32mx/lib\libpic32.a(default-on-bootstrap.o)
 .debug_frame   0x00001308       0x2c c:/program files (x86)/microchip/xc32/v1.43/bin/bin/../../lib/gcc/pic32mx/4.8.3/../../../../pic32mx/lib\libpic32.a(default-general-exception-handler.o)
 .debug_frame   0x00001334       0x20 c:/program files (x86)/microchip/xc32/v1.43/bin/bin/../../lib/gcc/pic32mx/4.8.3/../../../../pic32mx/lib\libpic32.a(defaultinterrupt.o)
 .debug_frame   0x00001354       0x30 c:/program files (x86)/microchip/xc32/v1.43/bin/bin/../../lib/gcc/pic32mx/4.8.3/../../../../pic32mx/lib\libc.a(itoa.o)
 .debug_frame   0x00001384       0x3c c:/program files (x86)/microchip/xc32/v1.43/bin/bin/../../lib/gcc/pic32mx/4.8.3/../../../../pic32mx/lib\libc.a(qsort.o)
 .debug_frame   0x000013c0       0x20 c:/program files (x86)/microchip/xc32/v1.43/bin/bin/../../lib/gcc/pic32mx/4.8.3/../../../../pic32mx/lib\libc.a(swap.o)
 .debug_frame   0x000013e0       0x68 c:/program files (x86)/microchip/xc32/v1.43/bin/bin/../../lib/gcc/pic32mx/4.8.3/../../../../pic32mx/lib\libc.a(malloc.o)
 .debug_frame   0x00001448       0x84 c:/program files (x86)/microchip/xc32/v1.43/bin/bin/../../lib/gcc/pic32mx/4.8.3/../../../../pic32mx/lib\libpic32.a(sbrk.o)

.debug_str      0x00000000      0xa19
 *(.debug_str)
 .debug_str     0x00000000       0x16 build/PIC32MX270_RevA/production/_ext/1074537854/app_i2c_internal.o
 .debug_str     0x00000016       0x16 build/PIC32MX270_RevA/production/_ext/1074537854/app_i2c_external.o
 .debug_str     0x0000002c       0xa0 build/PIC32MX270_RevA/production/_ext/1074524308/app_usb.o
 .debug_str     0x000000cc       0x28 build/PIC32MX270_RevA/production/_ext/1074524308/app_usb_tasks.o
 .debug_str     0x000000f4       0x46 build/PIC32MX270_RevA/production/_ext/1417703498/sys_clk_static.o
 .debug_str     0x0000013a      0x172 build/PIC32MX270_RevA/production/_ext/300354739/system_init.o
 .debug_str     0x000002ac       0x22 build/PIC32MX270_RevA/production/_ext/300354739/system_interrupt.o
 .debug_str     0x000002ce        0x0 build/PIC32MX270_RevA/production/_ext/300354739/system_tasks.o
 .debug_str     0x000002ce       0x11 build/PIC32MX270_RevA/production/_ext/1360937237/app.o
 .debug_str     0x000002df        0x0 build/PIC32MX270_RevA/production/_ext/1360937237/main.o
 .debug_str     0x000002df       0x55 build/PIC32MX270_RevA/production/_ext/1360937237/calculate.o
 .debug_str     0x00000334       0xd9 build/PIC32MX270_RevA/production/_ext/1360937237/capture.o
 .debug_str     0x0000040d       0x7b build/PIC32MX270_RevA/production/_ext/1213465256/drv_usbfs.o
 .debug_str     0x00000488      0x168 build/PIC32MX270_RevA/production/_ext/1213465256/drv_usbfs_device.o
 .debug_str     0x000005f0       0x16 build/PIC32MX270_RevA/production/_ext/1271179505/sys_devcon.o
 .debug_str     0x00000606        0x6 build/PIC32MX270_RevA/production/_ext/1271179505/sys_devcon_pic32mx.o
 .debug_str     0x0000060c       0x2d build/PIC32MX270_RevA/production/_ext/122796885/sys_int_pic32.o
 .debug_str     0x00000639      0x29f build/PIC32MX270_RevA/production/_ext/610166344/usb_device.o
 .debug_str     0x000008d8      0x141 build/PIC32MX270_RevA/production/_ext/610166344/usb_device_hid.o
 .debug_str     0x00000a19        0x0 c:/program files (x86)/microchip/xc32/v1.43/bin/bin/../../lib/gcc/pic32mx/4.8.3\libgcc.a(floatunsisf.o)
 .debug_str     0x00000a19        0x0 c:/program files (x86)/microchip/xc32/v1.43/bin/bin/../../lib/gcc/pic32mx/4.8.3\libgcc.a(floatunsidf.o)
 .debug_str     0x00000a19        0x0 c:/program files (x86)/microchip/xc32/v1.43/bin/bin/../../lib/gcc/pic32mx/4.8.3/../../../../pic32mx/lib\libpic32.a(default-bootstrap-exception-handler.o)
 .debug_str     0x00000a19        0x0 c:/program files (x86)/microchip/xc32/v1.43/bin/bin/../../lib/gcc/pic32mx/4.8.3/../../../../pic32mx/lib\libpic32.a(default-on-reset.o)
 .debug_str     0x00000a19        0x0 c:/program files (x86)/microchip/xc32/v1.43/bin/bin/../../lib/gcc/pic32mx/4.8.3/../../../../pic32mx/lib\libpic32.a(default-on-bootstrap.o)
 .debug_str     0x00000a19        0x0 c:/program files (x86)/microchip/xc32/v1.43/bin/bin/../../lib/gcc/pic32mx/4.8.3/../../../../pic32mx/lib\libpic32.a(default-general-exception-handler.o)
 .debug_str     0x00000a19        0x0 c:/program files (x86)/microchip/xc32/v1.43/bin/bin/../../lib/gcc/pic32mx/4.8.3/../../../../pic32mx/lib\libpic32.a(defaultinterrupt.o)
 .debug_str     0x00000a19        0x0 c:/program files (x86)/microchip/xc32/v1.43/bin/bin/../../lib/gcc/pic32mx/4.8.3/../../../../pic32mx/lib\libc.a(itoa.o)
 .debug_str     0x00000a19        0x0 c:/program files (x86)/microchip/xc32/v1.43/bin/bin/../../lib/gcc/pic32mx/4.8.3/../../../../pic32mx/lib\libc.a(qsort.o)
 .debug_str     0x00000a19        0x0 c:/program files (x86)/microchip/xc32/v1.43/bin/bin/../../lib/gcc/pic32mx/4.8.3/../../../../pic32mx/lib\libc.a(swap.o)
 .debug_str     0x00000a19        0x0 c:/program files (x86)/microchip/xc32/v1.43/bin/bin/../../lib/gcc/pic32mx/4.8.3/../../../../pic32mx/lib\libc.a(malloc.o)
 .debug_str     0x00000a19        0x0 c:/program files (x86)/microchip/xc32/v1.43/bin/bin/../../lib/gcc/pic32mx/4.8.3/../../../../pic32mx/lib\libpic32.a(sbrk.o)
 .debug_str     0x00000a19        0x0 c:/program files (x86)/microchip/xc32/v1.43/bin/bin/../../lib/gcc/pic32mx/4.8.3/../../../../pic32mx/lib\libpic32.a(errno.o)

.debug_loc      0x00000000     0x5c61
 *(.debug_loc)
 .debug_loc     0x00000000       0xc6 build/PIC32MX270_RevA/production/_ext/1074537854/app_i2c_internal.o
 .debug_loc     0x000000c6      0x1af build/PIC32MX270_RevA/production/_ext/1074537854/app_i2c_external.o
 .debug_loc     0x00000275      0x282 build/PIC32MX270_RevA/production/_ext/1074524308/app_usb.o
 .debug_loc     0x000004f7      0x53f build/PIC32MX270_RevA/production/_ext/1074524308/app_usb_tasks.o
 .debug_loc     0x00000a36       0x49 build/PIC32MX270_RevA/production/_ext/1417703498/sys_clk_static.o
 .debug_loc     0x00000a7f       0x21 build/PIC32MX270_RevA/production/_ext/300354739/system_init.o
 .debug_loc     0x00000aa0      0x821 build/PIC32MX270_RevA/production/_ext/1360937237/calculate.o
 .debug_loc     0x000012c1      0x216 build/PIC32MX270_RevA/production/_ext/1360937237/capture.o
 .debug_loc     0x000014d7      0x2d8 build/PIC32MX270_RevA/production/_ext/1213465256/drv_usbfs.o
 .debug_loc     0x000017af     0x1ab8 build/PIC32MX270_RevA/production/_ext/1213465256/drv_usbfs_device.o
 .debug_loc     0x00003267       0xf0 build/PIC32MX270_RevA/production/_ext/1271179505/sys_devcon.o
 .debug_loc     0x00003357       0x91 build/PIC32MX270_RevA/production/_ext/1271179505/sys_devcon_pic32mx.o
 .debug_loc     0x000033e8       0x8d build/PIC32MX270_RevA/production/_ext/122796885/sys_int_pic32.o
 .debug_loc     0x00003475     0x1a5d build/PIC32MX270_RevA/production/_ext/610166344/usb_device.o
 .debug_loc     0x00004ed2      0xbe3 build/PIC32MX270_RevA/production/_ext/610166344/usb_device_hid.o
 .debug_loc     0x00005ab5       0x74 c:/program files (x86)/microchip/xc32/v1.43/bin/bin/../../lib/gcc/pic32mx/4.8.3\libgcc.a(floatunsisf.o)
 .debug_loc     0x00005b29       0x80 c:/program files (x86)/microchip/xc32/v1.43/bin/bin/../../lib/gcc/pic32mx/4.8.3\libgcc.a(floatunsidf.o)
 .debug_loc     0x00005ba9       0x2c c:/program files (x86)/microchip/xc32/v1.43/bin/bin/../../lib/gcc/pic32mx/4.8.3/../../../../pic32mx/lib\libpic32.a(default-bootstrap-exception-handler.o)
 .debug_loc     0x00005bd5       0x2c c:/program files (x86)/microchip/xc32/v1.43/bin/bin/../../lib/gcc/pic32mx/4.8.3/../../../../pic32mx/lib\libpic32.a(default-general-exception-handler.o)
 .debug_loc     0x00005c01       0x60 c:/program files (x86)/microchip/xc32/v1.43/bin/bin/../../lib/gcc/pic32mx/4.8.3/../../../../pic32mx/lib\libpic32.a(sbrk.o)

.debug_macinfo
 *(.debug_macinfo)

.debug_weaknames
 *(.debug_weaknames)

.debug_funcnames
 *(.debug_funcnames)

.debug_typenames
 *(.debug_typenames)

.debug_varnames
 *(.debug_varnames)

.debug_pubtypes
 *(.debug_pubtypes)

.debug_ranges   0x00000000      0x878
 *(.debug_ranges)
 .debug_ranges  0x00000000       0x28 build/PIC32MX270_RevA/production/_ext/1074537854/app_i2c_internal.o
 .debug_ranges  0x00000028       0x28 build/PIC32MX270_RevA/production/_ext/1074537854/app_i2c_external.o
 .debug_ranges  0x00000050       0x68 build/PIC32MX270_RevA/production/_ext/1074524308/app_usb.o
 .debug_ranges  0x000000b8       0x60 build/PIC32MX270_RevA/production/_ext/1074524308/app_usb_tasks.o
 .debug_ranges  0x00000118       0x40 build/PIC32MX270_RevA/production/_ext/1417703498/sys_clk_static.o
 .debug_ranges  0x00000158       0x18 build/PIC32MX270_RevA/production/_ext/300354739/system_init.o
 .debug_ranges  0x00000170       0x38 build/PIC32MX270_RevA/production/_ext/300354739/system_interrupt.o
 .debug_ranges  0x000001a8       0x10 build/PIC32MX270_RevA/production/_ext/300354739/system_tasks.o
 .debug_ranges  0x000001b8       0x18 build/PIC32MX270_RevA/production/_ext/1360937237/app.o
 .debug_ranges  0x000001d0       0x10 build/PIC32MX270_RevA/production/_ext/1360937237/main.o
 .debug_ranges  0x000001e0       0x40 build/PIC32MX270_RevA/production/_ext/1360937237/calculate.o
 .debug_ranges  0x00000220       0xc0 build/PIC32MX270_RevA/production/_ext/1360937237/capture.o
 .debug_ranges  0x000002e0       0x78 build/PIC32MX270_RevA/production/_ext/1213465256/drv_usbfs.o
 .debug_ranges  0x00000358      0x1f0 build/PIC32MX270_RevA/production/_ext/1213465256/drv_usbfs_device.o
 .debug_ranges  0x00000548       0x68 build/PIC32MX270_RevA/production/_ext/1271179505/sys_devcon.o
 .debug_ranges  0x000005b0       0x10 build/PIC32MX270_RevA/production/_ext/1271179505/sys_devcon_pic32mx.o
 .debug_ranges  0x000005c0       0x50 build/PIC32MX270_RevA/production/_ext/122796885/sys_int_pic32.o
 .debug_ranges  0x00000610      0x140 build/PIC32MX270_RevA/production/_ext/610166344/usb_device.o
 .debug_ranges  0x00000750       0x50 build/PIC32MX270_RevA/production/_ext/610166344/usb_device_hid.o
 .debug_ranges  0x000007a0       0x10 c:/program files (x86)/microchip/xc32/v1.43/bin/bin/../../lib/gcc/pic32mx/4.8.3/../../../../pic32mx/lib\libpic32.a(default-bootstrap-exception-handler.o)
 .debug_ranges  0x000007b0       0x10 c:/program files (x86)/microchip/xc32/v1.43/bin/bin/../../lib/gcc/pic32mx/4.8.3/../../../../pic32mx/lib\libpic32.a(default-on-reset.o)
 .debug_ranges  0x000007c0       0x10 c:/program files (x86)/microchip/xc32/v1.43/bin/bin/../../lib/gcc/pic32mx/4.8.3/../../../../pic32mx/lib\libpic32.a(default-on-bootstrap.o)
 .debug_ranges  0x000007d0       0x10 c:/program files (x86)/microchip/xc32/v1.43/bin/bin/../../lib/gcc/pic32mx/4.8.3/../../../../pic32mx/lib\libpic32.a(default-general-exception-handler.o)
 .debug_ranges  0x000007e0       0x10 c:/program files (x86)/microchip/xc32/v1.43/bin/bin/../../lib/gcc/pic32mx/4.8.3/../../../../pic32mx/lib\libpic32.a(defaultinterrupt.o)
 .debug_ranges  0x000007f0       0x18 c:/program files (x86)/microchip/xc32/v1.43/bin/bin/../../lib/gcc/pic32mx/4.8.3/../../../../pic32mx/lib\libc.a(itoa.o)
 .debug_ranges  0x00000808       0x10 c:/program files (x86)/microchip/xc32/v1.43/bin/bin/../../lib/gcc/pic32mx/4.8.3/../../../../pic32mx/lib\libc.a(qsort.o)
 .debug_ranges  0x00000818       0x10 c:/program files (x86)/microchip/xc32/v1.43/bin/bin/../../lib/gcc/pic32mx/4.8.3/../../../../pic32mx/lib\libc.a(swap.o)
 .debug_ranges  0x00000828       0x20 c:/program files (x86)/microchip/xc32/v1.43/bin/bin/../../lib/gcc/pic32mx/4.8.3/../../../../pic32mx/lib\libc.a(malloc.o)
 .debug_ranges  0x00000848       0x30 c:/program files (x86)/microchip/xc32/v1.43/bin/bin/../../lib/gcc/pic32mx/4.8.3/../../../../pic32mx/lib\libpic32.a(sbrk.o)

.gnu.attributes
                0x00000000       0x10
 *(.gnu.attributes)
 .gnu.attributes
                0x00000000       0x10 build/PIC32MX270_RevA/production/_ext/1074537854/app_i2c_internal.o
 .gnu.attributes
                0x00000010       0x10 build/PIC32MX270_RevA/production/_ext/1074537854/app_i2c_external.o
 .gnu.attributes
                0x00000020       0x10 build/PIC32MX270_RevA/production/_ext/1074524308/app_usb.o
 .gnu.attributes
                0x00000030       0x10 build/PIC32MX270_RevA/production/_ext/1074524308/app_usb_tasks.o
 .gnu.attributes
                0x00000040       0x10 build/PIC32MX270_RevA/production/_ext/1417703498/sys_clk_static.o
 .gnu.attributes
                0x00000050       0x10 build/PIC32MX270_RevA/production/_ext/300354739/system_init.o
 .gnu.attributes
                0x00000060       0x10 build/PIC32MX270_RevA/production/_ext/300354739/system_interrupt.o
 .gnu.attributes
                0x00000070       0x10 build/PIC32MX270_RevA/production/_ext/300354739/system_tasks.o
 .gnu.attributes
                0x00000080       0x10 build/PIC32MX270_RevA/production/_ext/1360937237/app.o
 .gnu.attributes
                0x00000090       0x10 build/PIC32MX270_RevA/production/_ext/1360937237/main.o
 .gnu.attributes
                0x000000a0       0x10 build/PIC32MX270_RevA/production/_ext/1360937237/calculate.o
 .gnu.attributes
                0x000000b0       0x10 build/PIC32MX270_RevA/production/_ext/1360937237/capture.o
 .gnu.attributes
                0x000000c0       0x10 build/PIC32MX270_RevA/production/_ext/1213465256/drv_usbfs.o
 .gnu.attributes
                0x000000d0       0x10 build/PIC32MX270_RevA/production/_ext/1213465256/drv_usbfs_device.o
 .gnu.attributes
                0x000000e0       0x10 build/PIC32MX270_RevA/production/_ext/1271179505/sys_devcon.o
 .gnu.attributes
                0x000000f0       0x10 build/PIC32MX270_RevA/production/_ext/1271179505/sys_devcon_pic32mx.o
 .gnu.attributes
                0x00000100       0x10 build/PIC32MX270_RevA/production/_ext/122796885/sys_int_pic32.o
 .gnu.attributes
                0x00000110       0x10 build/PIC32MX270_RevA/production/_ext/610166344/usb_device.o
 .gnu.attributes
                0x00000120       0x10 build/PIC32MX270_RevA/production/_ext/610166344/usb_device_hid.o
 .gnu.attributes
                0x00000130       0x10 c:/program files (x86)/microchip/xc32/v1.43/bin/bin/../../lib/gcc/pic32mx/4.8.3\libgcc.a(floatunsisf.o)
 .gnu.attributes
                0x00000140       0x10 c:/program files (x86)/microchip/xc32/v1.43/bin/bin/../../lib/gcc/pic32mx/4.8.3\libgcc.a(floatunsidf.o)
 .gnu.attributes
                0x00000150       0x10 c:/program files (x86)/microchip/xc32/v1.43/bin/bin/../../lib/gcc/pic32mx/4.8.3/../../../../pic32mx/lib\libpic32.a(default-bootstrap-exception-handler.o)
 .gnu.attributes
                0x00000160       0x10 c:/program files (x86)/microchip/xc32/v1.43/bin/bin/../../lib/gcc/pic32mx/4.8.3/../../../../pic32mx/lib\libpic32.a(default-on-reset.o)
 .gnu.attributes
                0x00000170       0x10 c:/program files (x86)/microchip/xc32/v1.43/bin/bin/../../lib/gcc/pic32mx/4.8.3/../../../../pic32mx/lib\libpic32.a(default-on-bootstrap.o)
 .gnu.attributes
                0x00000180       0x10 c:/program files (x86)/microchip/xc32/v1.43/bin/bin/../../lib/gcc/pic32mx/4.8.3/../../../../pic32mx/lib\libpic32.a(default-general-exception-handler.o)
 .gnu.attributes
                0x00000190       0x10 c:/program files (x86)/microchip/xc32/v1.43/bin/bin/../../lib/gcc/pic32mx/4.8.3/../../../../pic32mx/lib\libpic32.a(defaultinterrupt.o)
 .gnu.attributes
                0x000001a0       0x10 c:/program files (x86)/microchip/xc32/v1.43/bin/bin/../../lib/gcc/pic32mx/4.8.3/../../../../pic32mx/lib\libc.a(itoa.o)
 .gnu.attributes
                0x000001b0       0x10 c:/program files (x86)/microchip/xc32/v1.43/bin/bin/../../lib/gcc/pic32mx/4.8.3/../../../../pic32mx/lib\libc.a(qsort.o)
 .gnu.attributes
                0x000001c0       0x10 c:/program files (x86)/microchip/xc32/v1.43/bin/bin/../../lib/gcc/pic32mx/4.8.3/../../../../pic32mx/lib\libc.a(swap.o)
 .gnu.attributes
                0x000001d0       0x10 c:/program files (x86)/microchip/xc32/v1.43/bin/bin/../../lib/gcc/pic32mx/4.8.3/../../../../pic32mx/lib\libc.a(malloc.o)
 .gnu.attributes
                0x000001e0       0x10 c:/program files (x86)/microchip/xc32/v1.43/bin/bin/../../lib/gcc/pic32mx/4.8.3/../../../../pic32mx/lib\libpic32.a(sbrk.o)
 .gnu.attributes
                0x000001f0       0x10 c:/program files (x86)/microchip/xc32/v1.43/bin/bin/../../lib/gcc/pic32mx/4.8.3/../../../../pic32mx/lib\libpic32.a(errno.o)
LOAD c:/program files (x86)/microchip/xc32/v1.43/bin/bin/../../lib/gcc/pic32mx/4.8.3\libgcc.a
START GROUP
LOAD c:/program files (x86)/microchip/xc32/v1.43/bin/bin/../../lib/gcc/pic32mx/4.8.3/../../../../pic32mx/lib\libpic32.a
LOAD c:/program files (x86)/microchip/xc32/v1.43/bin/bin/../../lib/gcc/pic32mx/4.8.3/../../../../pic32mx/lib\libdebug.a
LOAD c:/program files (x86)/microchip/xc32/v1.43/bin/bin/../../lib/gcc/pic32mx/4.8.3/../../../../pic32mx/lib\libpic32.a
LOAD c:/program files (x86)/microchip/xc32/v1.43/bin/bin/../../lib/gcc/pic32mx/4.8.3/../../../../pic32mx/lib\libc.a
LOAD c:/program files (x86)/microchip/xc32/v1.43/bin/bin/../../lib/gcc/pic32mx/4.8.3/../../../../pic32mx/lib\libc.a
LOAD c:/program files (x86)/microchip/xc32/v1.43/bin/bin/../../lib/gcc/pic32mx/4.8.3/../../../../pic32mx/lib\libm.a
LOAD c:/program files (x86)/microchip/xc32/v1.43/bin/bin/../../lib/gcc/pic32mx/4.8.3/../../../../pic32mx/lib\libe.a
LOAD c:/program files (x86)/microchip/xc32/v1.43/bin/bin/../../lib/gcc/pic32mx/4.8.3/../../../../pic32mx/lib\libdsp.a
LOAD c:/program files (x86)/microchip/xc32/v1.43/bin/bin/../../lib/gcc/pic32mx/4.8.3\libgcc.a
LOAD c:/program files (x86)/microchip/xc32/v1.43/bin/bin/../../lib/gcc/pic32mx/4.8.3/../../../../pic32mx/lib\libpic32.a
END GROUP
LOAD c:/program files (x86)/microchip/xc32/v1.43/bin/bin/../../lib/gcc/pic32mx/4.8.3\libgcc.a
OUTPUT(dist/PIC32MX270_RevA/production/StandaloneAnemometer_01.X.production.elf elf32-tradlittlemips)
LOAD stack
LOAD data_init

.reginfo        0x00000000       0x18
 .reginfo       0x00000000       0x18 c:/program files (x86)/microchip/xc32/v1.43/bin/bin/../../lib/gcc/pic32mx/4.8.3/../../../../pic32mx/lib/./proc/32MX270F256B/crt0_mips32r2.o

.stack          0xa00010c0      0x400
 .stack         0xa00010c0      0x400 stack

.bss            0xa0000084       0xf0
 .bss           0xa0000084       0xf0 build/PIC32MX270_RevA/production/_ext/610166344/usb_device.o

.data           0xa0000174       0x70
 .data          0xa0000174       0x4c build/PIC32MX270_RevA/production/_ext/1213465256/drv_usbfs_device.o
                0xa0000174                gDrvUSBFSDeviceInterface
 .data          0xa00001c0       0x24 build/PIC32MX270_RevA/production/_ext/1360937237/calculate.o
                0xa00001c0                kernel

.bss            0xa0001060       0x44
 .bss           0xa0001060       0x24 c:/program files (x86)/microchip/xc32/v1.43/bin/bin/../../lib/gcc/pic32mx/4.8.3/../../../../pic32mx/lib\libpic32.a(sbrk.o)
                0xa000107c                _maxbrk
                0xa0001080                _minbrk
 .bss           0xa0001084       0x20 c:/program files (x86)/microchip/xc32/v1.43/bin/bin/../../lib/gcc/pic32mx/4.8.3/../../../../pic32mx/lib\libc.a(malloc.o)
                0xa0001084                __allocx
                0xa000108c                __alloct
                0xa0001090                __allocp
                0xa0001094                __allocs

.bss.errno      0xa00001e4        0x4
 .bss.errno     0xa00001e4        0x4 c:/program files (x86)/microchip/xc32/v1.43/bin/bin/../../lib/gcc/pic32mx/4.8.3/../../../../pic32mx/lib\libpic32.a(errno.o)
                0xa00001e4                errno

._debug_exception
                0xbfc00480       0x2c
 ._debug_exception
                0xbfc00480       0x2c c:/program files (x86)/microchip/xc32/v1.43/bin/bin/../../lib/gcc/pic32mx/4.8.3/../../../../pic32mx/lib\debug-exception-return.o
                0xbfc00480                __DbgExecReturn

.text._DRV_USBFS_DEVICE_Tasks_ISR
                0x9d000000      0x630
 .text._DRV_USBFS_DEVICE_Tasks_ISR
                0x9d000000      0x630 build/PIC32MX270_RevA/production/_ext/1213465256/drv_usbfs_device.o
                0x9d000000                _DRV_USBFS_DEVICE_Tasks_ISR

.text.dp32mul   0x9d000630      0x4b8
 .text.dp32mul  0x9d000630      0x4b8 c:/program files (x86)/microchip/xc32/v1.43/bin/bin/../../lib/gcc/pic32mx/4.8.3/../../../../pic32mx/lib\libm.a(dp32div.o)
                0x9d000630                __divdf3
                0x9d000630                dpdiv

.text.oc1_ISR   0x9d000ae8      0x484
 .text.oc1_ISR  0x9d000ae8      0x484 build/PIC32MX270_RevA/production/_ext/1360937237/capture.o
                0x9d000ae8                oc1_ISR

.text.dp32subadd
                0x9d000f6c      0x430
 .text.dp32subadd
                0x9d000f6c      0x430 c:/program files (x86)/microchip/xc32/v1.43/bin/bin/../../lib/gcc/pic32mx/4.8.3/../../../../pic32mx/lib\libm.a(dp32subadd.o)
                0x9d000f6c                __subdf3
                0x9d000f6c                dpsub
                0x9d000f74                dpadd
                0x9d000f74                __adddf3

.text.send_singleMeasurement
                0x9d00139c      0x3b0
 .text.send_singleMeasurement
                0x9d00139c      0x3b0 build/PIC32MX270_RevA/production/_ext/1074524308/app_usb_tasks.o
                0x9d00139c                send_singleMeasurement

.text.dp32mul   0x9d00174c      0x32c
 .text.dp32mul  0x9d00174c      0x32c c:/program files (x86)/microchip/xc32/v1.43/bin/bin/../../lib/gcc/pic32mx/4.8.3/../../../../pic32mx/lib\libm.a(dp32mul.o)
                0x9d00174c                __muldf3
                0x9d00174c                dpmul

.text._USB_DEVICE_HID_ControlTransferHandler
                0x9d001a78      0x2fc
 .text._USB_DEVICE_HID_ControlTransferHandler
                0x9d001a78      0x2fc build/PIC32MX270_RevA/production/_ext/610166344/usb_device_hid.o
                0x9d001a78                _USB_DEVICE_HID_ControlTransferHandler

.text.calculateWindSpeed
                0x9d001d74      0x28c
 .text.calculateWindSpeed
                0x9d001d74      0x28c build/PIC32MX270_RevA/production/_ext/1360937237/calculate.o
                0x9d001d74                calculateWindSpeed

.text.malloc    0x9d002000      0x28c
 .text.malloc   0x9d002000      0x28c c:/program files (x86)/microchip/xc32/v1.43/bin/bin/../../lib/gcc/pic32mx/4.8.3/../../../../pic32mx/lib\libc.a(malloc.o)
                0x9d002000                malloc

.text.fpsubadd  0x9d00228c      0x278
 .text.fpsubadd
                0x9d00228c      0x278 c:/program files (x86)/microchip/xc32/v1.43/bin/bin/../../lib/gcc/pic32mx/4.8.3/../../../../pic32mx/lib\libm.a(fp32subadd.o)
                0x9d00228c                fpsub
                0x9d00228c                __subsf3
                0x9d002294                __addsf3
                0x9d002294                fpadd

.text._USB_DEVICE_ProcessStandardDeviceGetRequests
                0x9d002504      0x268
 .text._USB_DEVICE_ProcessStandardDeviceGetRequests
                0x9d002504      0x268 build/PIC32MX270_RevA/production/_ext/610166344/usb_device.o
                0x9d002504                _USB_DEVICE_ProcessStandardDeviceGetRequests

.text.send_measurementSet
                0x9d00276c      0x264
 .text.send_measurementSet
                0x9d00276c      0x264 build/PIC32MX270_RevA/production/_ext/1074524308/app_usb_tasks.o
                0x9d00276c                send_measurementSet

.text.qsort     0x9d0029d0      0x250
 .text.qsort    0x9d0029d0      0x250 c:/program files (x86)/microchip/xc32/v1.43/bin/bin/../../lib/gcc/pic32mx/4.8.3/../../../../pic32mx/lib\libc.a(qsort.o)
                0x9d0029d0                qsort

.text.fp32div   0x9d002c20      0x230
 .text.fp32div  0x9d002c20      0x230 c:/program files (x86)/microchip/xc32/v1.43/bin/bin/../../lib/gcc/pic32mx/4.8.3/../../../../pic32mx/lib\libm.a(fp32div.o)
                0x9d002c20                fpdiv
                0x9d002c20                __divsf3

.text.send_results
                0x9d002e50      0x214
 .text.send_results
                0x9d002e50      0x214 build/PIC32MX270_RevA/production/_ext/1074524308/app_usb_tasks.o
                0x9d002e50                send_results

.text._USB_DEVICE_ProcessStandardDeviceSetRequests
                0x9d003064      0x214
 .text._USB_DEVICE_ProcessStandardDeviceSetRequests
                0x9d003064      0x214 build/PIC32MX270_RevA/production/_ext/610166344/usb_device.o
                0x9d003064                _USB_DEVICE_ProcessStandardDeviceSetRequests

.text.capture_init
                0x9d003278      0x210
 .text.capture_init
                0x9d003278      0x210 build/PIC32MX270_RevA/production/_ext/1360937237/capture.o
                0x9d003278                capture_init

.text.DRV_USBFS0_DEVICE_IRPSubmit
                0x9d003488      0x204
 .text.DRV_USBFS0_DEVICE_IRPSubmit
                0x9d003488      0x204 build/PIC32MX270_RevA/production/_ext/1213465256/drv_usbfs_device.o
                0x9d003488                DRV_USBFS0_DEVICE_IRPSubmit

.text._USB_DEVICE_EventHandler
                0x9d00368c      0x1f8
 .text._USB_DEVICE_EventHandler
                0x9d00368c      0x1f8 build/PIC32MX270_RevA/production/_ext/610166344/usb_device.o
                0x9d00368c                _USB_DEVICE_EventHandler

.text._USB_DEVICE_ControlTransferHandler
                0x9d003884      0x1d0
 .text._USB_DEVICE_ControlTransferHandler
                0x9d003884      0x1d0 build/PIC32MX270_RevA/production/_ext/610166344/usb_device.o
                0x9d003884                _USB_DEVICE_ControlTransferHandler

.text.fp32mul   0x9d003a54      0x1bc
 .text.fp32mul  0x9d003a54      0x1bc c:/program files (x86)/microchip/xc32/v1.43/bin/bin/../../lib/gcc/pic32mx/4.8.3/../../../../pic32mx/lib\libm.a(fp32mul.o)
                0x9d003a54                fpmul
                0x9d003a54                __mulsf3

.text.DRV_USBFS0_DEVICE_EndpointEnable
                0x9d003c10      0x1ac
 .text.DRV_USBFS0_DEVICE_EndpointEnable
                0x9d003c10      0x1ac build/PIC32MX270_RevA/production/_ext/1213465256/drv_usbfs_device.o
                0x9d003c10                DRV_USBFS0_DEVICE_EndpointEnable

.text.DRV_USBFS0_DEVICE_EndpointStall
                0x9d003dbc      0x1a4
 .text.DRV_USBFS0_DEVICE_EndpointStall
                0x9d003dbc      0x1a4 build/PIC32MX270_RevA/production/_ext/1213465256/drv_usbfs_device.o